******************************************************************************
                  TI ARM Linker PC v16.9.3                     
******************************************************************************
>> Linked Tue Aug 29 11:08:07 2017

OUTPUT FILE NAME:   <http_client_CC3220SF_LAUNCHXL_tirtos_ccs.out>
ENTRY POINT SYMBOL: "_c_int00"  address: 01011149


MEMORY CONFIGURATION

         name            origin    length      used     unused   attr    fill
----------------------  --------  ---------  --------  --------  ----  --------
  FLASH_HDR             01000000   000007ff  00000000  000007ff  R  X
  FLASH                 01000800   000ff800  00013680  000ec180  R  X
  SRAM                  20000000   00040000  0000ac43  000353bd  RW X


SEGMENT ALLOCATION MAP

run origin  load origin   length   init length attrs members
----------  ----------- ---------- ----------- ----- -------
01000800    01000800    00013688   00013688    r-x
  01000800    01000800    0000003c   0000003c    r-- .resetVecs
  01000840    01000840    00012712   00012712    r-x .text
  01012f54    01012f54    00000cba   00000cba    r-- .const
  01013c10    01013c10    00000278   00000278    r-- .cinit
20000310    20000310    00008000   00000000    r--
  20000310    20000310    00008000   00000000    r-- .priheap
20008400    20008400    0000253a   00000000    rw-
  20008400    20008400    00001db5   00000000    rw- .bss
  2000a1b8    2000a1b8    00000782   00000000    rw- .data
2003fc00    2003fc00    00000400   00000000    rw-
  2003fc00    2003fc00    00000400   00000000    rw- .stack


SECTION ALLOCATION MAP

 output                                  attributes/
section   page    origin      length       input sections
--------  ----  ----------  ----------   ----------------
.binit     0    01000000    00000000     

.resetVecs 
*          0    01000800    0000003c     
                  01000800    0000003c     release_pem4.oem4 (.resetVecs)

.text      0    01000840    00012712     
                  01000840    00002a74     simplelink.a : driver.obj (.text)
                  010032b4    000017bc                  : sl_socket.obj (.text)
                  01004a70    00001122     rtsv7M4_T_le_eabi.lib : _printfi.obj (.text)
                  01005b92    00000002     drivers_cc32xx.aem4 : SPICC32XXDMA.oem4 (.text:SPICC32XXDMA_transferCancel)
                  01005b94    00000fdc     simplelink.a : netapp.obj (.text)
                  01006b70    00000fbc     http_client.a : httpcli.obj (.text)
                  01007b2c    00000bd0     simplelink.a : wlan.obj (.text)
                  010086fc    0000070c                  : device.obj (.text)
                  01008e08    0000042c     driverlib.a : prcm.obj (.text:PRCMCC3200MCUInit)
                  01009234    000003c8     simplelink.a : cc_pal.obj (.text)
                  010095fc    000003b8                  : eventreg.obj (.text)
                  010099b4    00000340     get_weather.obj (.text:GetWeather)
                  01009cf4    00000320     network_if.obj (.text:Network_IF_ConnectAP)
                  0100a014    00000318     get_weather.obj (.text:mainThread)
                  0100a32c    000002e0     http_client.a : ssock.obj (.text)
                  0100a60c    000002a4     drivers_cc32xx.aem4 : UARTCC32XX.oem4 (.text:UARTCC32XX_open)
                  0100a8b0    00000264     network_if.obj (.text:Network_IF_InitDriver)
                  0100ab14    0000023c     simplelink.a : socket.obj (.text)
                  0100ad50    00000238     get_weather.obj (.text:DisplayAppBanner)
                  0100af88    00000220     simplelink.a : spawn.obj (.text)
                  0100b1a8    00000218                  : netutil.obj (.text)
                  0100b3c0    000001f4     rtsv7M4_T_le_eabi.lib : ull_div_t2.obj (.text)
                  0100b5b4    000001e1     network_if.obj (.text:SimpleLinkFatalErrorEventHandler)
                  0100b795    00000001     --HOLE-- [fill = 0]
                  0100b796    00000002     drivers_cc32xx.aem4 : UARTCC32XX.oem4 (.text:UARTCC32XX_init)
                  0100b798    000001d8     network_if.obj (.text:SimpleLinkWlanEventHandler)
                  0100b970    000001cc     drivers_cc32xx.aem4 : GPIOCC32XX.oem4 (.text:GPIO_setConfig)
                  0100bb3c    000001c4     get_weather.obj (.text:HandleXMLData)
                  0100bd00    000001b6     rtsv7M4_T_le_eabi.lib : fd_add_t2.obj (.text)
                  0100beb6    00000002     release_pem4.oem4 (.text:ti_sysbios_BIOS_nullFunc__I)
                  0100beb8    000001b4     dpl_cc32xx.aem4 : PowerCC32XX_tirtos.oem4 (.text:PowerCC32XX_sleepPolicy)
                  0100c06c    00000190     drivers_cc32xx.aem4 : SPICC32XXDMA.oem4 (.text:SPICC32XXDMA_transfer)
                  0100c1fc    0000018c                         : SPICC32XXDMA.oem4 (.text:SPICC32XXDMA_open)
                  0100c388    00000180     network_if.obj (.text:SimpleLinkNetAppEventHandler)
                  0100c508    00000150     drivers_cc32xx.aem4 : PowerCC32XX.oem4 (.text:parkPins)
                  0100c658    00000144     simplelink.a : netcfg.obj (.text)
                  0100c79c    00000140     get_weather.obj (.text:WIFI_AP_Connect)
                  0100c8dc    00000136     rtsv7M4_T_le_eabi.lib : fd_div_t2.obj (.text)
                  0100ca12    00000006     dpl_cc32xx.aem4 : ClockP_tirtos.oem4 (.text:ClockP_Params_init)
                  0100ca18    00000130     sysbios.aem4 : BIOS.obj (.text:ti_sysbios_knl_Semaphore_pend__E)
                  0100cb48    00000120     drivers_cc32xx.aem4 : UARTCC32XX.oem4 (.text:UARTCC32XX_close)
                  0100cc68    0000011c     sysbios.aem4 : BIOS.obj (.text:xdc_runtime_Startup_startMods__I)
                  0100cd84    00000118     drivers_cc32xx.aem4 : PowerCC32XX.oem4 (.text:Power_sleep)
                  0100ce9c    00000114     rtsv7M4_T_le_eabi.lib : strtoul.obj (.text)
                  0100cfb0    00000110     sysbios.aem4 : BIOS.obj (.text:timer_create)
                  0100d0c0    0000010c                  : BIOS.obj (.text:ti_sysbios_knl_Task_Instance_finalize__E)
                  0100d1cc    00000104     get_weather.obj (.text:FlushHTTPResponse)
                  0100d2d0    00000100     drivers_cc32xx.aem4 : SPICC32XXDMA.oem4 (.text:configDMA)
                  0100d3d0    000000fd     network_if.obj (.text:SimpleLinkSockEventHandler)
                  0100d4cd    00000001     --HOLE-- [fill = 0]
                  0100d4ce    000000fc     rtsv7M4_T_le_eabi.lib : fd_mul_t2.obj (.text)
                  0100d5ca    00000002     release_pem4.oem4 (.text:xdc_runtime_Startup_reset__I)
                  0100d5cc    000000fa     get_weather.obj (.text:HTTP_Connect)
                  0100d6c6    000000ee     drivers_cc32xx.aem4 : UARTCC32XX.oem4 (.text:UARTCC32XX_control)
                  0100d7b4    00000004     dpl_cc32xx.aem4 : ClockP_tirtos.oem4 (.text:ClockP_getCpuFreq)
                  0100d7b8    000000ec     sysbios.aem4 : BIOS.obj (.text:pthread_create)
                  0100d8a4    000000e8     drivers_cc32xx.aem4 : SPICC32XXDMA.oem4 (.text:SPICC32XXDMA_close)
                  0100d98c    000000d8     uart_term.obj (.text:GetCmd)
                  0100da64    000000d8     network_if.obj (.text:Network_IF_GetHostIP)
                  0100db3c    000000d0     rtsv7M4_T_le_eabi.lib : s_scalbn.obj (.text)
                  0100dc0c    00000004     dpl_cc32xx.aem4 : ClockP_tirtos.oem4 (.text:ClockP_setTimeout)
                  0100dc10    000000d0     sysbios.aem4 : BIOS.obj (.text:ti_sysbios_heaps_HeapMem_alloc__E)
                  0100dce0    000000cc                  : m3_Hwi_asm.obj (.text:ti_sysbios_family_arm_m3_Hwi_dispatch__I)
                  0100ddac    00000004     dpl_cc32xx.aem4 : ClockP_tirtos.oem4 (.text:ClockP_start)
                  0100ddb0    000000c8     sysbios.aem4 : BIOS.obj (.text:timer_settime)
                  0100de78    000000c6     drivers_cc32xx.aem4 : SPICC32XXDMA.oem4 (.text:spiHwiFxn)
                  0100df3e    00000002     --HOLE-- [fill = 0]
                  0100df40    000000c4                         : GPIOCC32XX.oem4 (.text:GPIO_init)
                  0100e004    00000004     dpl_cc32xx.aem4 : ClockP_tirtos.oem4 (.text:ClockP_stop)
                  0100e008    000000c4     sysbios.aem4 : BIOS.obj (.text:ti_sysbios_knl_Task_sleep__E)
                  0100e0cc    000000c0     drivers_cc32xx.aem4 : UARTCC32XX.oem4 (.text:UARTCC32XX_write)
                  0100e18c    00000004     dpl_cc32xx.aem4 : HwiP_tirtos.oem4 (.text:HwiP_clearInterrupt)
                  0100e190    000000c0     sysbios.aem4 : BIOS.obj (.text:ti_sysbios_knl_Task_Instance_init__E)
                  0100e250    000000bc                  : BIOS.obj (.text:xdc_runtime_Core_createObject__I)
                  0100e30c    000000b8     drivers_cc32xx.aem4 : UARTCC32XX.oem4 (.text:initHw)
                  0100e3c4    000000b4     get_weather.obj (.text:SetClientIdNamefromMacAddress)
                  0100e478    000000b4     drivers_cc32xx.aem4 : UARTCC32XX.oem4 (.text:UARTCC32XX_readPolling)
                  0100e52c    000000b4                         : SPICC32XXDMA.oem4 (.text:initHw)
                  0100e5e0    000000b4                         : PowerCC32XX.oem4 (.text:restoreParkedPins)
                  0100e694    000000aa     uart_term.obj (.text:Report)
                  0100e73e    000000aa     drivers_cc32xx.aem4 : UARTCC32XX.oem4 (.text:readIsrTextBlocking)
                  0100e7e8    000000aa                         : UARTCC32XX.oem4 (.text:readTaskBlocking)
                  0100e892    00000002     --HOLE-- [fill = 0]
                  0100e894    000000a8     network_if.obj (.text:Network_IF_IpConfigGet)
                  0100e93c    000000a8     drivers_cc32xx.aem4 : PowerCC32XX.oem4 (.text:PowerCC32XX_configureWakeup)
                  0100e9e4    00000004     dpl_cc32xx.aem4 : HwiP_tirtos.oem4 (.text:HwiP_disable)
                  0100e9e8    000000a4     sysbios.aem4 : BIOS.obj (.text:ti_sysbios_knl_Task_setPri__E)
                  0100ea8c    000000a2     drivers_cc32xx.aem4 : UARTCC32XX.oem4 (.text:writeData)
                  0100eb2e    00000002     --HOLE-- [fill = 0]
                  0100eb30    000000a0     auto_init.aem4 : auto_init.oem4 (.text)
                  0100ebd0    000000a0     drivers_cc32xx.aem4 : UARTCC32XX.oem4 (.text:readIsrTextCallback)
                  0100ec70    0000009c     sysbios.aem4 : BIOS.obj (.text:_pthread_removeThreadKeys)
                  0100ed0c    0000009c     rtsv7M4_T_le_eabi.lib : memcpy_t2.obj (.text)
                  0100eda8    0000009c     sysbios.aem4 : BIOS.obj (.text:ti_sysbios_knl_Task_postInit__I)
                  0100ee44    00000098     uart_term.obj (.text:TrimSpace)
                  0100eedc    00000098     drivers_cc32xx.aem4 : GPIOCC32XX.oem4 (.text:powerNotifyFxn)
                  0100ef74    00000004                         : List.oem4 (.text:List_head)
                  0100ef78    00000098     sysbios.aem4 : BIOS.obj (.text:ti_sysbios_family_arm_m3_Hwi_Instance_init__E)
                  0100f010    00000094                  : BIOS.obj (.text:clock_gettime)
                  0100f0a4    00000004     drivers_cc32xx.aem4 : List.oem4 (.text:List_next)
                  0100f0a8    00000094     sysbios.aem4 : BIOS.obj (.text:ti_sysbios_knl_Task_exit__E)
                  0100f13c    00000090     drivers_cc32xx.aem4 : PowerCC32XX.oem4 (.text:restoreNVICRegs)
                  0100f1cc    00000004     dpl_cc32xx.aem4 : MutexP_tirtos.oem4 (.text:MutexP_lock)
                  0100f1d0    00000088     sysbios.aem4 : BIOS.obj (.text:pthread_cancel)
                  0100f258    00000088     rtsv7M4_T_le_eabi.lib : vsnprintf.obj (.text)
                  0100f2e0    00000088     sysbios.aem4 : BIOS.obj (.text:ti_sysbios_family_arm_m3_Hwi_initNVIC__E)
                  0100f368    00000088                  : BIOS.obj (.text:xdc_runtime_Memory_alloc__E)
                  0100f3f0    00000086     rtsv7M4_T_le_eabi.lib : fd_cmp_t2.obj (.text:__aeabi_cdcmple)
                  0100f476    00000086                           : fd_cmp_t2.obj (.text:__aeabi_cdrcmple)
                  0100f4fc    00000004     dpl_cc32xx.aem4 : MutexP_tirtos.oem4 (.text:MutexP_unlock)
                  0100f500    00000084     sysbios.aem4 : BIOS.obj (.text:_pthread_runStub)
                  0100f584    00000084     drivers_cc32xx.aem4 : PowerCC32XX.oem4 (.text:saveNVICRegs)
                  0100f608    00000084     sysbios.aem4 : BIOS.obj (.text:ti_sysbios_family_arm_m3_Hwi_postInit__I)
                  0100f68c    00000004     drivers_cc32xx.aem4 : SPICC32XXDMA.oem4 (.text:SPICC32XXDMA_init)
                  0100f690    00000084     sysbios.aem4 : BIOS.obj (.text:ti_sysbios_heaps_HeapMem_free__E)
                  0100f714    00000004     dpl_cc32xx.aem4 : SemaphoreP_tirtos.oem4 (.text:SemaphoreP_post)
                  0100f718    00000084     sysbios.aem4 : BIOS.obj (.text:xdc_runtime_Core_constructObject__I)
                  0100f79c    0000007e     drivers_cc32xx.aem4 : UARTCC32XX.oem4 (.text:readIsrBinaryBlocking)
                  0100f81a    00000002     --HOLE-- [fill = 0]
                  0100f81c    0000007c                         : UDMACC32XX.oem4 (.text:UDMACC32XX_open)
                  0100f898    0000007a                         : UARTCC32XX.oem4 (.text:readTaskCallback)
                  0100f912    0000007a     rtsv7M4_T_le_eabi.lib : memset_t2.obj (.text)
                  0100f98c    00000078     drivers_cc32xx.aem4 : GPIOCC32XX.oem4 (.text:GPIO_hwiIntFxn)
                  0100fa04    00000078                         : PowerCC32XX.oem4 (.text:Power_init)
                  0100fa7c    00000004     release_pem4.oem4 (.text:ti_sysbios_BIOS_RtsGateProxy_enter__E)
                  0100fa80    00000074     sysbios.aem4 : BIOS.obj (.text:xdc_runtime_Core_deleteObject__I)
                  0100faf4    00000072     drivers_cc32xx.aem4 : UARTCC32XX.oem4 (.text:readIsrBinaryCallback)
                  0100fb66    00000002     --HOLE-- [fill = 0]
                  0100fb68    00000070     sysbios.aem4 : BIOS.obj (.text:ti_sysbios_heaps_HeapMem_initPrimary__I)
                  0100fbd8    00000070                  : BIOS.obj (.text:ti_sysbios_knl_Semaphore_post__E)
                  0100fc48    0000006c                  : BIOS.obj (.text:ti_sysbios_knl_Clock_workFunc__E)
                  0100fcb4    00000004     release_pem4.oem4 (.text:ti_sysbios_BIOS_RtsGateProxy_leave__E)
                  0100fcb8    0000006c     sysbios.aem4 : BIOS.obj (.text:ti_sysbios_knl_Swi_restoreHwi__E)
                  0100fd24    00000068     drivers_cc32xx.aem4 : PowerCC32XX.oem4 (.text:PowerCC32XX_setParkState)
                  0100fd8c    00000068     rtsv7M4_T_le_eabi.lib : copy_decompress_lzss.obj (.text:decompress:lzss)
                  0100fdf4    00000068     main_tirtos.obj (.text:main)
                  0100fe5c    00000066     drivers_cc32xx.aem4 : UARTCC32XX.oem4 (.text:UARTCC32XX_writeCancel)
                  0100fec2    00000064                         : UARTCC32XX.oem4 (.text:UARTCC32XX_hwiIntFxn)
                  0100ff26    00000002     --HOLE-- [fill = 0]
                  0100ff28    00000064     sysbios.aem4 : BIOS.obj (.text:ti_sysbios_family_arm_m3_Hwi_dispatchC__I)
                  0100ff8c    00000062     drivers_cc32xx.aem4 : UARTCC32XX.oem4 (.text:UARTCC32XX_writePolling)
                  0100ffee    00000002     --HOLE-- [fill = 0]
                  0100fff0    00000060     driverlib.a : prcm.obj (.text:PRCMSysResetCauseGet)
                  01010050    00000060     rtsv7M4_T_le_eabi.lib : sprintf.obj (.text)
                  010100b0    0000005c     drivers_cc32xx.aem4 : PowerCC32XX.oem4 (.text:Power_setDependency)
                  0101010c    0000005c     rtsv7M4_T_le_eabi.lib : s_frexp.obj (.text)
                  01010168    0000005c     sysbios.aem4 : BIOS.obj (.text:ti_sysbios_family_arm_m3_Timer_start__E)
                  010101c4    00000004     release_pem4.oem4 (.text:ti_sysbios_family_arm_m3_Hwi_delete)
                  010101c8    0000005c     sysbios.aem4 : BIOS.obj (.text:ti_sysbios_knl_Swi_run__I)
                  01010224    00000004     release_pem4.oem4 (.text:ti_sysbios_family_arm_m3_TaskSupport_Module__startupDone__S)
                  01010228    0000005c     sysbios.aem4 : BIOS.obj (.text:ti_sysbios_knl_Swi_schedule__I)
                  01010284    00000004     release_pem4.oem4 (.text:ti_sysbios_gates_GateMutex_delete)
                  01010288    0000005c     sysbios.aem4 : BIOS.obj (.text:ti_sysbios_knl_Task_Module_startup__E)
                  010102e4    00000004     release_pem4.oem4 (.text:ti_sysbios_heaps_HeapMem_Module_GateProxy_enter__E)
                  010102e8    0000005c     sysbios.aem4 : BIOS.obj (.text:ti_sysbios_knl_Task_startCore__E)
                  01010344    00000004     release_pem4.oem4 (.text:ti_sysbios_heaps_HeapMem_Module_GateProxy_leave__E)
                  01010348    0000005c     sysbios.aem4 : BIOS.obj (.text:xdc_runtime_Startup_exec__E)
                  010103a4    00000058     drivers_cc32xx.aem4 : GPIOCC32XX.oem4 (.text:GPIO_setCallback)
                  010103fc    00000058                         : GPIOCC32XX.oem4 (.text:GPIO_write)
                  01010454    00000058     driverlib.a : prcm.obj (.text:PRCMPeripheralReset)
                  010104ac    00000058     drivers_cc32xx.aem4 : PowerCC32XX.oem4 (.text:Power_releaseDependency)
                  01010504    00000004     release_pem4.oem4 (.text:ti_sysbios_knl_Clock_TimerProxy_getMaxTicks__E)
                  01010508    00000058     sysbios.aem4 : BIOS.obj (.text:ti_sysbios_family_arm_cc32xx_Seconds_getCount__I)
                  01010560    00000054     uart_term.obj (.text:InitTerm)
                  010105b4    00000054     rtsv7M4_T_le_eabi.lib : ltoa.obj (.text)
                  01010608    00000054     release_pem4.oem4 (.text:ti_sysbios_family_arm_m3_Hwi_create)
                  0101065c    00000004     release_pem4.oem4 (.text:ti_sysbios_knl_Clock_TimerProxy_setPeriodMicroSecs__E)
                  01010660    00000054     sysbios.aem4 : BIOS.obj (.text:ti_sysbios_family_arm_m3_Timer_setPeriod__E)
                  010106b4    00000004     release_pem4.oem4 (.text:ti_sysbios_knl_Clock_TimerProxy_start__E)
                  010106b8    00000054     sysbios.aem4 : BIOS.obj (.text:timer_gettime)
                  0101070c    00000004     release_pem4.oem4 (.text:ti_sysbios_knl_Clock_TimerProxy_stop__E)
                  01010710    00000054     sysbios.aem4 : BIOS.obj (.text:xdc_runtime_Core_assignLabel__I)
                  01010764    00000052     drivers_cc32xx.aem4 : PowerCC32XX.oem4 (.text:PowerCC32XX_parkPin)
                  010107b6    00000052                         : PowerCC32XX_asm.oem4 (.text:PowerCC32XX_resumeLPDS)
                  01010808    00000050     sysbios.aem4 : BIOS.obj (.text:ti_sysbios_family_arm_cc32xx_Seconds_getTime__E)
                  01010858    00000050                  : BIOS.obj (.text:ti_sysbios_family_arm_m3_Hwi_Module_startup__E)
                  010108a8    00000050     release_pem4.oem4 (.text:ti_sysbios_knl_Task_create)
                  010108f8    0000004c     drivers_cc32xx.aem4 : GPIOCC32XX.oem4 (.text:GPIO_enableInt)
                  01010944    0000004c                         : PowerCC32XX.oem4 (.text:restorePeriphClocks)
                  01010990    0000004c     rtsv7M4_T_le_eabi.lib : atoi.obj (.text)
                  010109dc    0000004c                           : cpy_tbl.obj (.text)
                  01010a28    0000004c     sysbios.aem4 : m3_TaskSupport_asm.obj (.text:ti_sysbios_family_arm_m3_TaskSupport_buildTaskStack)
                  01010a74    00000004     release_pem4.oem4 (.text:ti_sysbios_knl_Clock_delete)
                  01010a78    0000004c     sysbios.aem4 : BIOS.obj (.text:ti_sysbios_heaps_HeapMem_getStats__E)
                  01010ac4    00000004     release_pem4.oem4 (.text:ti_sysbios_knl_Semaphore_delete)
                  01010ac8    0000004c     sysbios.aem4 : BIOS.obj (.text:ti_sysbios_knl_Swi_runLoop__I)
                  01010b14    00000004     release_pem4.oem4 (.text:ti_sysbios_knl_Task_delete)
                  01010b18    0000004c     sysbios.aem4 : BIOS.obj (.text:ti_sysbios_knl_Task_allBlockedFunction__I)
                  01010b64    00000004     release_pem4.oem4 (.text:xdc_runtime_System_Module_GateProxy_enter__E)
                  01010b68    0000004c     sysbios.aem4 : BIOS.obj (.text:ti_sysbios_knl_Task_schedule__I)
                  01010bb4    00000048     dpl_cc32xx.aem4 : ClockP_tirtos.oem4 (.text:ClockP_create)
                  01010bfc    00000048     driverlib.a : flash.obj (.text:FlashDisable)
                  01010c44    00000048     get_weather.obj (.text:LedTimerConfigNStart)
                  01010c8c    00000048     driverlib.a : prcm.obj (.text:PRCMLPDSEnter)
                  01010cd4    00000048                 : prcm.obj (.text:PRCMPeripheralClkEnable)
                  01010d1c    00000048     drivers_cc32xx.aem4 : PowerCC32XX.oem4 (.text:Power_releaseConstraint)
                  01010d64    00000048     rtsv7M4_T_le_eabi.lib : fd_toi_t2.obj (.text)
                  01010dac    00000048     get_weather.obj (.text:strIP)
                  01010df4    00000004     release_pem4.oem4 (.text:xdc_runtime_System_Module_GateProxy_leave__E)
                  01010df8    00000048     sysbios.aem4 : BIOS.obj (.text:ti_sysbios_family_arm_m3_Hwi_disableInterrupt__E)
                  01010e40    00000048                  : BIOS.obj (.text:ti_sysbios_family_arm_m3_Hwi_enableInterrupt__E)
                  01010e88    00000048                  : m3_Hwi_asm_switch.obj (.text:ti_sysbios_family_arm_m3_Hwi_initStacks__E)
                  01010ed0    00000048                  : BIOS.obj (.text:ti_sysbios_family_arm_m3_Timer_initDevice__I)
                  01010f18    00000048                  : BIOS.obj (.text:ti_sysbios_knl_Mailbox_Module_startup__E)
                  01010f60    00000048                  : BIOS.obj (.text:ti_sysbios_knl_Task_deleteTerminatedTasksFunc__I)
                  01010fa8    00000046     drivers_cc32xx.aem4 : RingBuf.oem4 (.text:RingBuf_put)
                  01010fee    00000002     --HOLE-- [fill = 0]
                  01010ff0    00000046     sysbios.aem4 : BIOS.obj (.text:xdc_runtime_Core_assignParams__I)
                  01011036    00000002     --HOLE-- [fill = 0]
                  01011038    00000044     driverlib.a : prcm.obj (.text:PRCMLPDSRestoreInfoSet)
                  0101107c    00000044     drivers_cc32xx.aem4 : PowerCC32XX_asm.oem4 (.text:PowerCC32XX_enterLPDS)
                  010110c0    00000044                         : SPI.oem4 (.text:SPI_init)
                  01011104    00000044                         : UART.oem4 (.text:UART_init)
                  01011148    00000044     boot.aem4 : boot.oem4 (.text)
                  0101118c    00000044     drivers_cc32xx.aem4 : PowerCC32XX.oem4 (.text:notify)
                  010111d0    00000044                         : SPICC32XXDMA.oem4 (.text:spiPollingTransfer16)
                  01011214    00000044                         : SPICC32XXDMA.oem4 (.text:spiPollingTransfer8)
                  01011258    00000044     sysbios.aem4 : BIOS.obj (.text:ti_sysbios_family_arm_m3_Hwi_getStackInfo__E)
                  0101129c    00000004     --HOLE-- [fill = 0]
                  010112a0    00000044                  : BIOS.obj (.text:ti_sysbios_knl_Mailbox_postInit__I)
                  010112e4    00000004     --HOLE-- [fill = 0]
                  010112e8    00000044                  : BIOS.obj (.text:ti_sysbios_knl_Swi_post__E)
                  0101132c    00000004     --HOLE-- [fill = 0]
                  01011330    00000044                  : BIOS.obj (.text:xdc_runtime_System_atexit__E)
                  01011374    00000040     dpl_cc32xx.aem4 : HwiP_tirtos.oem4 (.text:HwiP_create)
                  010113b4    00000040     network_if.obj (.text:InitializeAppVariables)
                  010113f4    00000040     driverlib.a : pin.obj (.text:PinModeSet)
                  01011434    00000040     drivers_cc32xx.aem4 : RingBuf.oem4 (.text:RingBuf_get)
                  01011474    00000040     network_if.obj (.text:SimpleLinkGeneralEventHandler)
                  010114b4    00000040     drivers_cc32xx.aem4 : UARTCC32XX.oem4 (.text:UARTCC32XX_read)
                  010114f4    00000040                         : UDMACC32XX.oem4 (.text:UDMACC32XX_init)
                  01011534    00000004     --HOLE-- [fill = 0]
                  01011538    00000040     sysbios.aem4 : BIOS.obj (.text:ti_sysbios_heaps_HeapMem_Instance_init__E)
                  01011578    0000003e     release_pem4.oem4 (.text:realloc)
                  010115b6    0000003e     drivers_cc32xx.aem4 : SPICC32XXDMA.oem4 (.text:spiPollingTransfer32)
                  010115f4    0000003c     network_if.obj (.text:Network_IF_DisconnectFromAP)
                  01011630    0000003c     drivers_cc32xx.aem4 : PowerCC32XX.oem4 (.text:Power_setConstraint)
                  0101166c    0000003c                         : SPI.oem4 (.text:SPI_open)
                  010116a8    0000003c     dpl_cc32xx.aem4 : SemaphoreP_tirtos.oem4 (.text:SemaphoreP_create)
                  010116e4    0000003c     drivers_cc32xx.aem4 : UART.oem4 (.text:UART_open)
                  01011720    0000003c     dpl_cc32xx.aem4 : PowerCC32XX_tirtos.oem4 (.text:getCountsRTC)
                  0101175c    00000004     --HOLE-- [fill = 0]
                  01011760    0000003c     sysbios.aem4 : BIOS.obj (.text:ti_sysbios_family_arm_m3_Hwi_Instance_finalize__E)
                  0101179c    00000004     --HOLE-- [fill = 0]
                  010117a0    0000003c                  : BIOS.obj (.text:ti_sysbios_family_arm_m3_Timer_setPeriodMicroSecs__E)
                  010117dc    00000004     --HOLE-- [fill = 0]
                  010117e0    0000003c                  : BIOS.obj (.text:ti_sysbios_knl_Clock_Instance_init__E)
                  0101181c    0000003c     release_pem4.oem4 (.text:ti_sysbios_knl_Clock_create)
                  01011858    0000003c     sysbios.aem4 : BIOS.obj (.text:ti_sysbios_knl_Clock_walkQueuePeriodic__E)
                  01011894    00000004     --HOLE-- [fill = 0]
                  01011898    0000003c                  : BIOS.obj (.text:ti_sysbios_knl_Swi_restore__E)
                  010118d4    00000004     --HOLE-- [fill = 0]
                  010118d8    0000003c                  : BIOS.obj (.text:xdc_runtime_System_processAtExit__E)
                  01011914    00000038     driverlib.a : prcm.obj (.text:PRCMLPDSEnterKeepDebugIf)
                  0101194c    00000004     --HOLE-- [fill = 0]
                  01011950    00000038     sysbios.aem4 : BIOS.obj (.text:pthread_setschedparam)
                  01011988    00000038                  : BIOS.obj (.text:ti_sysbios_knl_Task_processVitalTaskFlag__I)
                  010119c0    00000037     network_if.obj (.text:Network_IF_DeInitDriver)
                  010119f7    00000001     --HOLE-- [fill = 0]
                  010119f8    00000036     drivers_cc32xx.aem4 : PowerCC32XX.oem4 (.text:PowerCC32XX_restoreParkedPin)
                  01011a2e    00000036                         : UARTCC32XX.oem4 (.text:UARTCC32XX_readCancel)
                  01011a64    00000036     rtsv7M4_T_le_eabi.lib : strncpy.obj (.text)
                  01011a9a    00000002     --HOLE-- [fill = 0]
                  01011a9c    00000034     driverlib.a : pin.obj (.text:PinModeGet)
                  01011ad0    00000034     drivers_cc32xx.aem4 : PowerCC32XX.oem4 (.text:PowerCC32XX_restoreParkState)
                  01011b04    00000034                         : UDMACC32XX.oem4 (.text:UDMACC32XX_close)
                  01011b38    00000034     rtsv7M4_T_le_eabi.lib : strstr.obj (.text)
                  01011b6c    00000004     --HOLE-- [fill = 0]
                  01011b70    00000034     sysbios.aem4 : BIOS.obj (.text:ti_sysbios_family_arm_m3_Timer_periodicStub__I)
                  01011ba4    00000034     release_pem4.oem4 (.text:ti_sysbios_knl_Semaphore_create)
                  01011bd8    00000032     sysbios.aem4 : BIOS.obj (.text:ti_sysbios_hal_Hwi_initStack)
                  01011c0a    00000030     get_weather.obj (.text:printBorder)
                  01011c3a    00000002     --HOLE-- [fill = 0]
                  01011c3c    00000030     release_pem4.oem4 (.text:ti_sysbios_BIOS_atExitFunc__I)
                  01011c6c    00000030     release_pem4.oem4 (.text:ti_sysbios_BIOS_startFunc__I)
                  01011c9c    00000004     --HOLE-- [fill = 0]
                  01011ca0    00000030     sysbios.aem4 : BIOS.obj (.text:ti_sysbios_family_arm_m3_TaskSupport_start__E)
                  01011cd0    00000030     release_pem4.oem4 (.text:ti_sysbios_gates_GateHwi_Object__create__S)
                  01011d00    00000030     release_pem4.oem4 (.text:ti_sysbios_gates_GateMutex_Object__create__S)
                  01011d30    00000030     release_pem4.oem4 (.text:ti_sysbios_gates_GateMutex_create)
                  01011d60    00000030     sysbios.aem4 : BIOS.obj (.text:ti_sysbios_gates_GateMutex_enter__E)
                  01011d90    00000030     release_pem4.oem4 (.text:ti_sysbios_heaps_HeapMem_Object__create__S)
                  01011dc0    00000030     release_pem4.oem4 (.text:ti_sysbios_knl_Clock_construct)
                  01011df0    00000030     release_pem4.oem4 (.text:ti_sysbios_knl_Semaphore_construct)
                  01011e20    00000030     sysbios.aem4 : BIOS.obj (.text:ti_sysbios_knl_Semaphore_pendTimeout__I)
                  01011e50    00000030                  : BIOS.obj (.text:ti_sysbios_knl_Task_unblockI__E)
                  01011e80    00000030                  : BIOS.obj (.text:timer_delete)
                  01011eb0    0000002e     rtsv7M4_T_le_eabi.lib : i_tofd_t2.obj (.text)
                  01011ede    0000002e     release_pem4.oem4 (.text:ti_sysbios_rts_gnu_MemAlloc_alloc)
                  01011f0c    0000002c     dpl_cc32xx.aem4 : SemaphoreP_tirtos.oem4 (.text:SemaphoreP_createBinary)
                  01011f38    0000002c     get_weather.obj (.text:TimerPeriodicIntHandler)
                  01011f64    0000002c     rtsv7M4_T_le_eabi.lib : strncmp.obj (.text)
                  01011f90    0000002c     release_pem4.oem4 (.text:ti_sysbios_knl_Clock_doTick__I)
                  01011fbc    00000004     --HOLE-- [fill = 0]
                  01011fc0    0000002c     sysbios.aem4 : BIOS.obj (.text:ti_sysbios_knl_Clock_getTimeout__E)
                  01011fec    0000002c     release_pem4.oem4 (.text:ti_sysbios_knl_Queue_construct)
                  01012018    0000002c     sysbios.aem4 : BIOS.obj (.text:ti_sysbios_knl_Task_restore__E)
                  01012044    00000004     --HOLE-- [fill = 0]
                  01012048    0000002c                  : BIOS.obj (.text:usleep)
                  01012074    00000028     driverlib.a : prcm.obj (.text:PRCMPeripheralClkDisable)
                  0101209c    00000028     drivers_cc32xx.aem4 : PowerCC32XX.oem4 (.text:PowerCC32XX_getParkState)
                  010120c4    00000028     dpl_cc32xx.aem4 : PowerCC32XX_tirtos.oem4 (.text:PowerCC32XX_initPolicy)
                  010120ec    00000028     drivers_cc32xx.aem4 : PowerCC32XX.oem4 (.text:Power_registerNotify)
                  01012114    00000028     simplelink.a : flowcont.obj (.text)
                  0101213c    00000004     --HOLE-- [fill = 0]
                  01012140    00000028     sysbios.aem4 : BIOS.obj (.text:ti_sysbios_knl_Clock_addI__E)
                  01012168    00000028                  : BIOS.obj (.text:ti_sysbios_knl_Swi_Module_startup__E)
                  01012190    00000026     drivers_cc32xx.aem4 : List.oem4 (.text:List_put)
                  010121b6    00000002     --HOLE-- [fill = 0]
                  010121b8    00000024     sysbios.aem4 : BIOS.obj (.text:pthread_attr_init)
                  010121dc    00000024     rtsv7M4_T_le_eabi.lib : memmov.obj (.text)
                  01012200    00000024     release_pem4.oem4 (.text:ti_sysbios_BIOS_registerRTSLock__I)
                  01012224    00000024     release_pem4.oem4 (.text:ti_sysbios_BIOS_removeRTSLock__I)
                  01012248    00000024     sysbios.aem4 : BIOS.obj (.text:ti_sysbios_family_arm_m3_Timer_Module_startup__E)
                  0101226c    00000004     --HOLE-- [fill = 0]
                  01012270    00000024                  : BIOS.obj (.text:ti_sysbios_family_arm_m3_Timer_postInit__I)
                  01012294    00000004     --HOLE-- [fill = 0]
                  01012298    00000024                  : BIOS.obj (.text:ti_sysbios_family_arm_m3_Timer_startup__E)
                  010122bc    00000024     release_pem4.oem4 (.text:ti_sysbios_gates_GateMutex_Object__delete__S)
                  010122e0    00000024     sysbios.aem4 : BIOS.obj (.text:ti_sysbios_knl_Clock_Module_startup__E)
                  01012304    00000024     release_pem4.oem4 (.text:ti_sysbios_knl_Clock_Object__delete__S)
                  01012328    00000024     sysbios.aem4 : BIOS.obj (.text:ti_sysbios_knl_Clock_start__E)
                  0101234c    00000004     --HOLE-- [fill = 0]
                  01012350    00000024                  : BIOS.obj (.text:ti_sysbios_knl_Semaphore_Instance_init__E)
                  01012374    00000024     release_pem4.oem4 (.text:ti_sysbios_knl_Semaphore_Object__delete__S)
                  01012398    00000024     sysbios.aem4 : BIOS.obj (.text:ti_sysbios_knl_Task_restoreHwi__E)
                  010123bc    00000004     --HOLE-- [fill = 0]
                  010123c0    00000024                  : BIOS.obj (.text:xdc_runtime_Error_policyMin__E)
                  010123e4    00000020     drivers_cc32xx.aem4 : PowerCC32XX.oem4 (.text:Power_unregisterNotify)
                  01012404    00000020                         : RingBuf.oem4 (.text:RingBuf_peek)
                  01012424    00000020                         : SPICC32XXDMA.oem4 (.text:getPowerMgrId)
                  01012444    00000020                         : UARTCC32XX.oem4 (.text:getPowerMgrId)
                  01012464    00000004     --HOLE-- [fill = 0]
                  01012468    00000020     sysbios.aem4 : BIOS.obj (.text:sleep)
                  01012488    00000020     release_pem4.oem4 (.text:ti_sysbios_BIOS_rtsLock__I)
                  010124a8    00000020     release_pem4.oem4 (.text:ti_sysbios_family_arm_m3_Hwi_Object__delete__S)
                  010124c8    00000020     sysbios.aem4 : BIOS.obj (.text:ti_sysbios_family_arm_m3_Hwi_clearInterrupt__E)
                  010124e8    00000020                  : m3_Hwi_asm.obj (.text:ti_sysbios_family_arm_m3_Hwi_excHandlerAsm__I)
                  01012508    00000020                  : BIOS.obj (.text:ti_sysbios_family_arm_m3_Hwi_excHandler__I)
                  01012528    00000020     release_pem4.oem4 (.text:ti_sysbios_gates_GateHwi_Object__delete__S)
                  01012548    00000020     release_pem4.oem4 (.text:ti_sysbios_heaps_HeapMem_Object__delete__S)
                  01012568    00000020     release_pem4.oem4 (.text:ti_sysbios_knl_Clock_destruct)
                  01012588    00000020     sysbios.aem4 : BIOS.obj (.text:ti_sysbios_knl_Idle_run__E)
                  010125a8    00000020     release_pem4.oem4 (.text:ti_sysbios_knl_Semaphore_destruct)
                  010125c8    00000020     release_pem4.oem4 (.text:ti_sysbios_knl_Task_Object__delete__S)
                  010125e8    0000001e     drivers_cc32xx.aem4 : UDMACC32XX.oem4 (.text:postNotifyFxn)
                  01012606    0000001e     sysbios.aem4 : m3_Hwi_asm_switch.obj (.text:ti_sysbios_family_xxx_Hwi_switchAndRunFunc)
                  01012624    0000001c     uart_term.obj (.text:Message)
                  01012640    0000001c     driverlib.a : pin.obj (.text:PinToPadGet)
                  0101265c    0000001c     rtsv7M4_T_le_eabi.lib : memccpy.obj (.text)
                  01012678    0000001c     sysbios.aem4 : BIOS.obj (.text:ti_sysbios_family_arm_m3_Timer_stop__E)
                  01012694    00000004     --HOLE-- [fill = 0]
                  01012698    0000001c                  : BIOS.obj (.text:ti_sysbios_gates_GateMutex_Instance_init__E)
                  010126b4    00000004     --HOLE-- [fill = 0]
                  010126b8    0000001c                  : BIOS.obj (.text:ti_sysbios_knl_Clock_Instance_finalize__E)
                  010126d4    0000001c     release_pem4.oem4 (.text:ti_sysbios_knl_Queue_destruct)
                  010126f0    0000001c     sysbios.aem4 : BIOS.obj (.text:ti_sysbios_knl_Queue_put__E)
                  0101270c    00000004     --HOLE-- [fill = 0]
                  01012710    0000001c                  : BIOS.obj (.text:ti_sysbios_knl_Task_enter__I)
                  0101272c    00000004     --HOLE-- [fill = 0]
                  01012730    0000001c                  : BIOS.obj (.text:timerThreadFxn$30)
                  0101274c    0000001a                  : m3_Hwi_asm.obj (.text:ti_sysbios_family_arm_m3_Hwi_pendSV__I)
                  01012766    00000002     --HOLE-- [fill = 0]
                  01012768    00000018     drivers_cc32xx.aem4 : PowerCC32XX.oem4 (.text:Power_idleFunc)
                  01012780    00000018     driverlib.a : uart.obj (.text:UARTBusy)
                  01012798    00000018                 : uart.obj (.text:UARTIntEnable)
                  010127b0    00000018     drivers_cc32xx.aem4 : UART.oem4 (.text:UART_Params_init)
                  010127c8    00000018     release_pem4.oem4 (.text:free)
                  010127e0    00000018     sysbios.aem4 : BIOS.obj (.text:pthread_attr_setschedparam)
                  010127f8    00000018     uart_term.obj (.text:putch)
                  01012810    00000018     rtsv7M4_T_le_eabi.lib : args_main.obj (.text)
                  01012828    00000018                           : ll_mul_t2.obj (.text)
                  01012840    00000018                           : strcmp.obj (.text)
                  01012858    00000018     release_pem4.oem4 (.text:ti_sysbios_BIOS_rtsUnlock__I)
                  01012870    00000018     release_pem4.oem4 (.text:ti_sysbios_family_arm_m3_Hwi_Module__startupDone__F)
                  01012888    00000018     release_pem4.oem4 (.text:ti_sysbios_family_arm_m3_Timer_Module__startupDone__F)
                  010128a0    00000018     release_pem4.oem4 (.text:ti_sysbios_gates_GateHwi_Handle__label__S)
                  010128b8    00000018     release_pem4.oem4 (.text:ti_sysbios_gates_GateMutex_Handle__label__S)
                  010128d0    00000018     sysbios.aem4 : BIOS.obj (.text:ti_sysbios_gates_GateMutex_leave__E)
                  010128e8    00000018     release_pem4.oem4 (.text:ti_sysbios_heaps_HeapMem_Handle__label__S)
                  01012900    00000018     sysbios.aem4 : BIOS.obj (.text:ti_sysbios_knl_Task_sleepTimeout__I)
                  01012918    00000018                  : BIOS.obj (.text:xdc_runtime_Error_init__E)
                  01012930    00000018                  : BIOS.obj (.text:xdc_runtime_System_exit__E)
                  01012948    00000016     drivers_cc32xx.aem4 : List.oem4 (.text:List_remove)
                  0101295e    00000016     driverlib.a : prcm.obj (.text:PRCMHIBRegRead)
                  01012974    00000016                 : prcm.obj (.text:PRCMHIBRegWrite)
                  0101298a    00000016     rtsv7M4_T_le_eabi.lib : strchr.obj (.text)
                  010129a0    00000016     release_pem4.oem4 (.text:ti_sysbios_BIOS_exitFunc__I)
                  010129b6    00000002     --HOLE-- [fill = 0]
                  010129b8    00000016     sysbios.aem4 : BIOS.obj (.text:timerFxn$30)
                  010129ce    00000002     --HOLE-- [fill = 0]
                  010129d0    00000014     drivers_cc32xx.aem4 : PowerCC32XX.oem4 (.text:Power_getDependencyCount)
                  010129e4    00000014                         : SPI.oem4 (.text:SPI_Params_init)
                  010129f8    00000014                         : UARTCC32XX.oem4 (.text:releasePowerConstraint)
                  01012a0c    00000014     rtsv7M4_T_le_eabi.lib : _lock.obj (.text)
                  01012a20    00000014                           : strcpy.obj (.text)
                  01012a34    00000014                           : strlen.obj (.text)
                  01012a48    00000014     release_pem4.oem4 (.text:ti_sysbios_family_arm_m3_Hwi_Object__get__S)
                  01012a5c    00000004     --HOLE-- [fill = 0]
                  01012a60    00000014     sysbios.aem4 : BIOS.obj (.text:ti_sysbios_family_arm_m3_Hwi_switchFromBootStack__E)
                  01012a74    00000014     release_pem4.oem4 (.text:ti_sysbios_heaps_HeapMem_Object__get__S)
                  01012a88    00000014     sysbios.aem4 : BIOS.obj (.text:ti_sysbios_knl_Clock_tickReconfig__E)
                  01012a9c    00000014     release_pem4.oem4 (.text:ti_sysbios_knl_Swi_Object__get__S)
                  01012ab0    00000014     release_pem4.oem4 (.text:ti_sysbios_knl_Task_Object__first__S)
                  01012ac4    00000014     release_pem4.oem4 (.text:ti_sysbios_knl_Task_Object__next__S)
                  01012ad8    00000012     drivers_cc32xx.aem4 : RingBuf.oem4 (.text:RingBuf_construct)
                  01012aea    00000012     dpl_cc32xx.aem4 : SemaphoreP_tirtos.oem4 (.text:SemaphoreP_pend)
                  01012afc    00000004     --HOLE-- [fill = 0]
                  01012b00    00000012     sysbios.aem4 : BIOS.obj (.text:ti_sysbios_hal_Hwi_Module_startup__E)
                  01012b12    00000012     release_pem4.oem4 (.text:xdc_runtime_Startup_exec__I)
                  01012b24    00000010     dpl_cc32xx.aem4 : HwiP_tirtos.oem4 (.text:HwiP_Params_init)
                  01012b34    00000010     get_weather.obj (.text:LedTimerDeinitStop)
                  01012b44    00000010     CC3220SF_LAUNCHXL.obj (.text:dmaErrorFxn)
                  01012b54    00000010     drivers_cc32xx.aem4 : UARTCC32XX.oem4 (.text:readBlockingTimeout)
                  01012b64    00000004     --HOLE-- [fill = 0]
                  01012b68    00000010     sysbios.aem4 : BIOS.obj (.text:ti_sysbios_BIOS_getCpuFreq__E)
                  01012b78    00000010                  : BIOS.obj (.text:ti_sysbios_BIOS_setThreadType__E)
                  01012b88    00000010                  : BIOS.obj (.text:ti_sysbios_BIOS_start__E)
                  01012b98    00000010                  : m3_TaskSupport_asm.obj (.text:ti_sysbios_family_arm_m3_TaskSupport_glue)
                  01012ba8    00000010                  : m3_TaskSupport_asm.obj (.text:ti_sysbios_family_arm_m3_TaskSupport_swap__E)
                  01012bb8    00000010                  : BIOS.obj (.text:ti_sysbios_gates_GateMutex_Instance_finalize__E)
                  01012bc8    00000010     release_pem4.oem4 (.text:ti_sysbios_knl_Mailbox_Object__get__S)
                  01012bd8    00000010     sysbios.aem4 : BIOS.obj (.text:ti_sysbios_knl_Semaphore_Instance_finalize__E)
                  01012be8    00000010                  : BIOS.obj (.text:ti_sysbios_knl_Swi_disable__E)
                  01012bf8    00000010     release_pem4.oem4 (.text:ti_sysbios_knl_Task_Object__get__S)
                  01012c08    00000010     sysbios.aem4 : BIOS.obj (.text:ti_sysbios_knl_Task_disable__E)
                  01012c18    00000010                  : BIOS.obj (.text:xdc_runtime_Memory_free__E)
                  01012c28    00000010                  : BIOS.obj (.text:xdc_runtime_SysCallback_abort__E)
                  01012c38    00000010                  : BIOS.obj (.text:xdc_runtime_SysCallback_exit__E)
                  01012c48    0000000e     rtsv7M4_T_le_eabi.lib : copy_decompress_none.obj (.text:decompress:none)
                  01012c56    00000002     --HOLE-- [fill = 0]
                  01012c58    0000000e     sysbios.aem4 : BIOS.obj (.text:pthread_attr_setdetachstate)
                  01012c66    00000002     --HOLE-- [fill = 0]
                  01012c68    0000000e                  : BIOS.obj (.text:ti_sysbios_knl_Idle_loop__E)
                  01012c76    00000002     --HOLE-- [fill = 0]
                  01012c78    0000000e                  : BIOS.obj (.text:ti_sysbios_knl_Queue_empty__E)
                  01012c86    0000000c     CC3220SF_LAUNCHXL.obj (.text:CC3220SF_LAUNCHXL_initGeneral)
                  01012c92    0000000c     dpl_cc32xx.aem4 : ClockP_tirtos.oem4 (.text:ClockP_delete)
                  01012c9e    00000002     --HOLE-- [fill = 0]
                  01012ca0    0000000c                     : ClockP_tirtos.oem4 (.text:ClockP_getSystemTickPeriod)
                  01012cac    0000000c                     : HwiP_tirtos.oem4 (.text:HwiP_delete)
                  01012cb8    0000000c                     : MutexP_tirtos.oem4 (.text:MutexP_create)
                  01012cc4    0000000c                     : MutexP_tirtos.oem4 (.text:MutexP_delete)
                  01012cd0    0000000c     network_if.obj (.text:Network_IF_ResetMCUStateMachine)
                  01012cdc    0000000c     drivers_cc32xx.aem4 : PowerCC32XX.oem4 (.text:Power_getConstraintMask)
                  01012ce8    0000000c     dpl_cc32xx.aem4 : SemaphoreP_tirtos.oem4 (.text:SemaphoreP_delete)
                  01012cf4    0000000c     network_if.obj (.text:SimpleLinkHttpServerEventHandler)
                  01012d00    0000000c     network_if.obj (.text:SimpleLinkNetAppRequestEventHandler)
                  01012d0c    0000000c     rtsv7M4_T_le_eabi.lib : copy_zero_init.obj (.text:decompress:ZI)
                  01012d18    0000000c     drivers_cc32xx.aem4 : SPICC32XXDMA.oem4 (.text:postNotifyFxn)
                  01012d24    0000000c                         : UARTCC32XX.oem4 (.text:postNotifyFxn)
                  01012d30    0000000c     sysbios.aem4 : BIOS.obj (.text:pthread_self)
                  01012d3c    0000000c     release_pem4.oem4 (.text:ti_sysbios_family_arm_m3_Hwi_Params__init__S)
                  01012d48    0000000c     sysbios.aem4 : BIOS.obj (.text:ti_sysbios_family_arm_m3_Hwi_disableFxn__E)
                  01012d54    00000004     --HOLE-- [fill = 0]
                  01012d58    0000000c                  : BIOS.obj (.text:ti_sysbios_family_arm_m3_TaskSupport_getStackAlignment__E)
                  01012d64    00000004     --HOLE-- [fill = 0]
                  01012d68    0000000c                  : BIOS.obj (.text:ti_sysbios_gates_GateHwi_enter__E)
                  01012d74    0000000c     release_pem4.oem4 (.text:ti_sysbios_knl_Clock_Params__init__S)
                  01012d80    0000000c     sysbios.aem4 : BIOS.obj (.text:ti_sysbios_knl_Clock_getTicks__E)
                  01012d8c    00000004     --HOLE-- [fill = 0]
                  01012d90    0000000c                  : BIOS.obj (.text:ti_sysbios_knl_Clock_setTicks__E)
                  01012d9c    00000004     --HOLE-- [fill = 0]
                  01012da0    0000000c                  : BIOS.obj (.text:ti_sysbios_knl_Clock_tickStart__E)
                  01012dac    00000004     --HOLE-- [fill = 0]
                  01012db0    0000000c                  : BIOS.obj (.text:ti_sysbios_knl_Clock_tickStop__E)
                  01012dbc    0000000c     release_pem4.oem4 (.text:ti_sysbios_knl_Queue_Object__get__S)
                  01012dc8    0000000c     release_pem4.oem4 (.text:ti_sysbios_knl_Semaphore_Params__init__S)
                  01012dd4    0000000c     release_pem4.oem4 (.text:ti_sysbios_knl_Task_Params__init__S)
                  01012de0    0000000c     driverlib.a : udma.obj (.text:uDMAErrorStatusClear)
                  01012dec    0000000c                 : udma.obj (.text:uDMAErrorStatusGet)
                  01012df8    0000000c     sysbios.aem4 : BIOS.obj (.text:xdc_runtime_Startup_rtsDone__E)
                  01012e04    0000000a     drivers_cc32xx.aem4 : List.oem4 (.text:List_empty)
                  01012e0e    0000000a                         : SPI.oem4 (.text:SPI_close)
                  01012e18    0000000a                         : SPI.oem4 (.text:SPI_transfer)
                  01012e22    0000000a     network_if.obj (.text:SimpleLinkNetAppRequestMemFreeEventHandler)
                  01012e2c    0000000a     drivers_cc32xx.aem4 : UART.oem4 (.text:UART_control)
                  01012e36    0000000a                         : UART.oem4 (.text:UART_readPolling)
                  01012e40    0000000a                         : UART.oem4 (.text:UART_writePolling)
                  01012e4a    0000000a     release_pem4.oem4 (.text:xdc_runtime_IHeap_alloc)
                  01012e54    0000000a     release_pem4.oem4 (.text:xdc_runtime_IHeap_free)
                  01012e5e    00000008     dpl_cc32xx.aem4 : SemaphoreP_tirtos.oem4 (.text:SemaphoreP_Params_init)
                  01012e66    00000002     --HOLE-- [fill = 0]
                  01012e68    00000008     sysbios.aem4 : BIOS.obj (.text:pthread_attr_setstacksize)
                  01012e70    00000008     drivers_cc32xx.aem4 : UARTCC32XX.oem4 (.text:readSemCallback)
                  01012e78    00000008     rtsv7M4_T_le_eabi.lib : s_copysign.obj (.text)
                  01012e80    00000008     sysbios.aem4 : BIOS.obj (.text:ti_sysbios_family_arm_m3_Hwi_doSwiRestore__I)
                  01012e88    00000008                  : BIOS.obj (.text:ti_sysbios_family_arm_m3_Hwi_startup__E)
                  01012e90    00000008     drivers_cc32xx.aem4 : SPICC32XXDMA.oem4 (.text:transferCallback)
                  01012e98    00000008                         : UARTCC32XX.oem4 (.text:writeSemCallback)
                  01012ea0    00000006     dpl_cc32xx.aem4 : MutexP_tirtos.oem4 (.text:MutexP_Params_init)
                  01012ea6    00000006     drivers_cc32xx.aem4 : SPICC32XXDMA.oem4 (.text:SPICC32XXDMA_control)
                  01012eac    00000006     driverlib.a : utils.obj (.text:UtilsDelay)
                  01012eb2    00000006     --HOLE-- [fill = 0]
                  01012eb8    00000006     sysbios.aem4 : BIOS.obj (.text:ti_sysbios_family_arm_m3_Hwi_doTaskRestore__I)
                  01012ebe    00000002     --HOLE-- [fill = 0]
                  01012ec0    00000006                  : BIOS.obj (.text:ti_sysbios_family_arm_m3_Hwi_restoreFxn__E)
                  01012ec6    00000002     --HOLE-- [fill = 0]
                  01012ec8    00000006                  : BIOS.obj (.text:ti_sysbios_gates_GateHwi_leave__E)
                  01012ece    00000002     --HOLE-- [fill = 0]
                  01012ed0    00000006                  : BIOS.obj (.text:ti_sysbios_heaps_HeapMem_isBlocking__E)
                  01012ed6    00000002     --HOLE-- [fill = 0]
                  01012ed8    00000006                  : BIOS.obj (.text:ti_sysbios_knl_Clock_stop__E)
                  01012ede    00000002     --HOLE-- [fill = 0]
                  01012ee0    00000006                  : BIOS.obj (.text:ti_sysbios_knl_Queue_Instance_init__E)
                  01012ee6    00000002     --HOLE-- [fill = 0]
                  01012ee8    00000006                  : BIOS.obj (.text:ti_sysbios_knl_Swi_startup__E)
                  01012eee    00000002     --HOLE-- [fill = 0]
                  01012ef0    00000006                  : BIOS.obj (.text:xdc_runtime_System_Module_startup__E)
                  01012ef6    00000002     --HOLE-- [fill = 0]
                  01012ef8    00000004                  : BIOS.obj (.text:ti_sysbios_family_arm_m3_Timer_getMaxTicks__E)
                  01012efc    00000004     --HOLE-- [fill = 0]
                  01012f00    00000004                  : BIOS.obj (.text:ti_sysbios_gates_GateHwi_query__E)
                  01012f04    00000004     --HOLE-- [fill = 0]
                  01012f08    00000004                  : BIOS.obj (.text:ti_sysbios_gates_GateMutex_query__E)
                  01012f0c    00000004     --HOLE-- [fill = 0]
                  01012f10    00000004                  : BIOS.obj (.text:ti_sysbios_knl_Clock_setTimeout__E)
                  01012f14    00000004     --HOLE-- [fill = 0]
                  01012f18    00000004                  : BIOS.obj (.text:ti_sysbios_knl_Task_startup__E)
                  01012f1c    00000004     --HOLE-- [fill = 0]
                  01012f20    00000002                  : BIOS.obj (.text:ti_sysbios_BIOS_linkedWithIncorrectBootLibrary__E)
                  01012f22    00000006     --HOLE-- [fill = 0]
                  01012f28    00000002                  : BIOS.obj (.text:ti_sysbios_gates_GateHwi_Instance_init__E)
                  01012f2a    00000006     --HOLE-- [fill = 0]
                  01012f30    00000002                  : BIOS.obj (.text:ti_sysbios_knl_Clock_logTick__E)
                  01012f32    00000006     --HOLE-- [fill = 0]
                  01012f38    00000002                  : BIOS.obj (.text:xdc_runtime_SysCallback_defaultAbort)
                  01012f3a    00000006     --HOLE-- [fill = 0]
                  01012f40    00000002                  : BIOS.obj (.text:xdc_runtime_SysCallback_defaultExit)
                  01012f42    00000006     --HOLE-- [fill = 0]
                  01012f48    00000002                  : BIOS.obj (.text:xdc_runtime_System_abortSpin__E)
                  01012f4a    00000006     --HOLE-- [fill = 0]
                  01012f50    00000002                  : BIOS.obj (.text:xdc_runtime_System_exitSpin__E)

.const     0    01012f54    00000cba     
                  01012f54    00000101     rtsv7M4_T_le_eabi.lib : ctype.obj (.const:.string:_ctypes_)
                  01013055    00000001     release_pem4.oem4 (.const:ti_sysbios_knl_Clock_tickMode__C)
                  01013056    00000002     release_pem4.oem4 (.const:ti_sysbios_family_arm_m3_Hwi_Module__id__C)
                  01013058    00000100     driverlib.a : pin.obj (.const:g_ulPinToPadMap)
                  01013158    000000a8                 : prcm.obj (.const:PRCM_PeriphRegsList)
                  01013200    00000078     CC3220SF_LAUNCHXL.obj (.const:spiCC3220SDMAHWAttrs)
                  01013278    00000060     simplelink.a : driver.obj (.const:OpcodeTranslateTable)
                  010132d8    00000050                  : driver.obj (.const:_SlActionLookupTable)
                  01013328    00000048     release_pem4.oem4 (.const:.string)
                  01013370    00000040     CC3220SF_LAUNCHXL.obj (.const:PowerCC32XX_config)
                  010133b0    00000040     CC3220SF_LAUNCHXL.obj (.const:uartCC3220SHWAttrs)
                  010133f0    0000003c     release_pem4.oem4 (.const:ti_sysbios_knl_Task_Object__PARAMS__C)
                  0101342c    00000030     release_pem4.oem4 (.const:ti_sysbios_family_arm_m3_Hwi_Object__PARAMS__C)
                  0101345c    00000028     drivers_cc32xx.aem4 : UARTCC32XX.oem4 (.const:UARTCC32XX_fxnTable)
                  01013484    00000028     release_pem4.oem4 (.const:ti_sysbios_heaps_HeapMem_Module__FXNS__C)
                  010134ac    00000024     drivers_cc32xx.aem4 : UART.oem4 (.const:UART_defaultParams)
                  010134d0    00000024     release_pem4.oem4 (.const:ti_sysbios_gates_GateHwi_Module__FXNS__C)
                  010134f4    00000024     release_pem4.oem4 (.const:ti_sysbios_gates_GateMutex_Module__FXNS__C)
                  01013518    00000024     release_pem4.oem4 (.const:ti_sysbios_heaps_HeapMem_Object__PARAMS__C)
                  0101353c    00000024     release_pem4.oem4 (.const:ti_sysbios_knl_Clock_Object__PARAMS__C)
                  01013560    00000024     release_pem4.oem4 (.const:ti_sysbios_knl_Semaphore_Object__PARAMS__C)
                  01013584    00000021     drivers_cc32xx.aem4 : GPIOCC32XX.oem4 (.const:.string:pinTable)
                  010135a5    00000001     release_pem4.oem4 (.const:ti_sysbios_knl_Clock_tickSource__C)
                  010135a6    00000002     release_pem4.oem4 (.const:ti_sysbios_family_arm_m3_Timer_Module__id__C)
                  010135a8    00000020     simplelink.a : driver.obj (.const:RxMsgClassLUT)
                  010135c8    00000020     drivers_cc32xx.aem4 : SPI.oem4 (.const:SPI_defaultParams)
                  010135e8    00000020     simplelink.a : device.obj (.const:StartResponseLUT)
                  01013608    00000020     drivers_cc32xx.aem4 : UARTCC32XX.oem4 (.const:staticFxnTable)
                  01013628    00000020     release_pem4.oem4 (.const:ti_sysbios_family_arm_m3_Hwi_Object__DESC__C)
                  01013648    00000020     release_pem4.oem4 (.const:ti_sysbios_gates_GateHwi_Object__DESC__C)
                  01013668    00000020     release_pem4.oem4 (.const:ti_sysbios_gates_GateMutex_Object__DESC__C)
                  01013688    00000020     release_pem4.oem4 (.const:ti_sysbios_heaps_HeapMem_Object__DESC__C)
                  010136a8    00000020     release_pem4.oem4 (.const:ti_sysbios_knl_Clock_Object__DESC__C)
                  010136c8    00000020     release_pem4.oem4 (.const:ti_sysbios_knl_Queue_Object__DESC__C)
                  010136e8    00000020     release_pem4.oem4 (.const:ti_sysbios_knl_Semaphore_Object__DESC__C)
                  01013708    00000020     release_pem4.oem4 (.const:ti_sysbios_knl_Task_Object__DESC__C)
                  01013728    00000020     release_pem4.oem4 (.const:xdc_runtime_Startup_sfxnTab__A)
                  01013748    00000018     drivers_cc32xx.aem4 : SPICC32XXDMA.oem4 (.const:SPICC32XXDMA_fxnTable)
                  01013760    00000018     CC3220SF_LAUNCHXL.obj (.const:SPI_config)
                  01013778    00000018     CC3220SF_LAUNCHXL.obj (.const:UART_config)
                  01013790    00000018     drivers_cc32xx.aem4 : SPICC32XXDMA.oem4 (.const:frameFormat)
                  010137a8    00000018     release_pem4.oem4 (.const:ti_sysbios_gates_GateHwi_Object__PARAMS__C)
                  010137c0    00000018     release_pem4.oem4 (.const:ti_sysbios_gates_GateMutex_Object__PARAMS__C)
                  010137d8    00000018     release_pem4.oem4 (.const:ti_sysbios_knl_Queue_Object__PARAMS__C)
                  010137f0    00000017     network_if.obj (.const:.string:$P$T2$3)
                  01013807    00000016     network_if.obj (.const:.string:$P$T0$1)
                  0101381d    00000015     network_if.obj (.const:.string:$P$T1$2)
                  01013832    00000015     network_if.obj (.const:.string:$P$T4$5)
                  01013847    00000001     release_pem4.oem4 (.const:xdc_runtime_Error_policy__C)
                  01013848    00000014     simplelink.a : cc_pal.obj (.const:$P$T0$1)
                  0101385c    00000014                  : device.obj (.const:$P$T0$1)
                  01013870    00000014                  : driver.obj (.const:$P$T0$1)
                  01013884    00000014                  : cc_pal.obj (.const:$P$T1$2)
                  01013898    00000014                  : driver.obj (.const:$P$T1$2)
                  010138ac    00000014     get_weather.obj (.const:$P$T4$5)
                  010138c0    00000014     CC3220SF_LAUNCHXL.obj (.const:GPIOCC32XX_config)
                  010138d4    00000014     drivers_cc32xx.aem4 : GPIOCC32XX.oem4 (.const:gpioBaseAddresses)
                  010138e8    00000014                         : UARTCC32XX.oem4 (.const:parityType)
                  010138fc    00000014                         : GPIOCC32XX.oem4 (.const:powerResources)
                  01013910    00000012     get_weather.obj (.const:.string:$P$T1$2)
                  01013922    00000002     release_pem4.oem4 (.const:ti_sysbios_heaps_HeapMem_Module__id__C)
                  01013924    00000010     http_client.a : httpcli.obj (.const:$P$T1$2)
                  01013934    00000010     get_weather.obj (.const:$P$T3$4)
                  01013944    00000010     network_if.obj (.const:$P$T3$4)
                  01013954    00000010     simplelink.a : sl_socket.obj (.const:_SlCtrlSockAddr)
                  01013964    00000010                  : sl_socket.obj (.const:_SlCtrlSockRelese)
                  01013974    00000010     drivers_cc32xx.aem4 : UARTCC32XX.oem4 (.const:dataLength)
                  01013984    00000010     release_pem4.oem4 (.const:xdc_runtime_Startup_sfxnRts__A)
                  01013994    0000000e     get_weather.obj (.const:.string:$P$T0$1)
                  010139a2    0000000d     CC3220SF_LAUNCHXL.obj (.const)
                  010139af    00000001     release_pem4.oem4 (.const:xdc_runtime_Text_charTab__A)
                  010139b0    0000000c     drivers_cc32xx.aem4 : SPICC32XXDMA.oem4 (.const:dmaNullConfig)
                  010139bc    0000000c                         : SPICC32XXDMA.oem4 (.const:dmaRxConfig)
                  010139c8    0000000c                         : SPICC32XXDMA.oem4 (.const:dmaTxConfig)
                  010139d4    0000000c     CC3220SF_LAUNCHXL.obj (.const:udmaCC3220SHWAttrs)
                  010139e0    0000000c     release_pem4.oem4 (.const:xdc_runtime_Startup_firstFxns__A)
                  010139ec    0000000b     get_weather.obj (.const:.string:$P$T2$3)
                  010139f7    00000008     http_client.a : httpcli.obj (.const:.string:$P$T0$1)
                  010139ff    00000001     --HOLE-- [fill = 0]
                  01013a00    00000008     CC3220SF_LAUNCHXL.obj (.const:UDMACC32XX_config)
                  01013a08    00000008     simplelink.a : driver.obj (.const:g_H2NCnysPattern)
                  01013a10    00000008                  : driver.obj (.const:g_H2NSyncPattern)
                  01013a18    00000008     drivers_cc32xx.aem4 : SPICC32XXDMA.oem4 (.const:mode)
                  01013a20    00000008                         : GPIOCC32XX.oem4 (.const:outPinTypes)
                  01013a28    00000008                         : UARTCC32XX.oem4 (.const:stopBits)
                  01013a30    00000008     release_pem4.oem4 (.const:ti_sysbios_knl_Idle_funcList__A)
                  01013a38    00000008     release_pem4.oem4 (.const:ti_sysbios_knl_Idle_funcList__C)
                  01013a40    00000008     release_pem4.oem4 (.const:xdc_runtime_Startup_firstFxns__C)
                  01013a48    00000008     release_pem4.oem4 (.const:xdc_runtime_Startup_lastFxns__C)
                  01013a50    00000006     drivers_cc32xx.aem4 : GPIOCC32XX.oem4 (.const:.string:interruptType)
                  01013a56    00000006                         : GPIOCC32XX.oem4 (.const:inPinTypes)
                  01013a5c    00000006                         : GPIOCC32XX.oem4 (.const:outPinStrengths)
                  01013a62    00000004     simplelink.a : netapp.obj (.const:$P$T0$1)
                  01013a66    00000004                  : sl_socket.obj (.const:$P$T0$1)
                  01013a6a    00000004                  : wlan.obj (.const:$P$T0$1)
                  01013a6e    00000004                  : sl_socket.obj (.const:$P$T1$2)
                  01013a72    00000004                  : wlan.obj (.const:$P$T1$2)
                  01013a76    00000004                  : sl_socket.obj (.const:$P$T2$3)
                  01013a7a    00000004                  : wlan.obj (.const:$P$T2$3)
                  01013a7e    00000004     drivers_cc32xx.aem4 : GPIOCC32XX.oem4 (.const:.string:portInterruptIds)
                  01013a82    00000004     simplelink.a : sl_socket.obj (.const:_SlAcceptCmdCtrl)
                  01013a86    00000004                  : device.obj (.const:_SlDeviceGetCmdCtrl)
                  01013a8a    00000004                  : device.obj (.const:_SlDeviceSetCmdCtrl)
                  01013a8e    00000004                  : device.obj (.const:_SlEventMaskGetCmdCtrl)
                  01013a92    00000004                  : device.obj (.const:_SlEventMaskSetCmdCtrl)
                  01013a96    00000004                  : netapp.obj (.const:_SlGetHostByNameCtrl)
                  01013a9a    00000004                  : netapp.obj (.const:_SlGetHostByServiceCtrl)
                  01013a9e    00000004                  : netapp.obj (.const:_SlGetServiceListeCtrl)
                  01013aa2    00000004                  : sl_socket.obj (.const:_SlGetSockOptCmdCtrl)
                  01013aa6    00000004                  : sl_socket.obj (.const:_SlListenCmdCtrl)
                  01013aaa    00000004                  : sl_socket.obj (.const:_SlMultiSelectCtrl)
                  01013aae    00000004                  : netapp.obj (.const:_SlNetAppGetCmdCtrl)
                  01013ab2    00000004                  : netapp.obj (.const:_SlNetAppReceiveCmdCtrl)
                  01013ab6    00000004                  : netapp.obj (.const:_SlNetAppSendCmdCtrl)
                  01013aba    00000004                  : netapp.obj (.const:_SlNetAppSendResponseCmdCtrl)
                  01013abe    00000004                  : netapp.obj (.const:_SlNetAppSendTokenValueCmdCtrl)
                  01013ac2    00000004                  : netapp.obj (.const:_SlNetAppSetCmdCtrl)
                  01013ac6    00000004                  : netapp.obj (.const:_SlNetAppStartCtrl)
                  01013aca    00000004                  : netapp.obj (.const:_SlNetAppStopCtrl)
                  01013ace    00000004                  : netcfg.obj (.const:_SlNetCfgGetCmdCtrl)
                  01013ad2    00000004                  : netcfg.obj (.const:_SlNetCfgSetCmdCtrl)
                  01013ad6    00000004                  : netutil.obj (.const:_SlNetUtilCmdCtrl)
                  01013ada    00000004                  : netutil.obj (.const:_SlNetUtilGetCmdCtrl)
                  01013ade    00000004                  : wlan.obj (.const:_SlPolicyGetCmdCtrl)
                  01013ae2    00000004                  : wlan.obj (.const:_SlPolicySetCmdCtrl)
                  01013ae6    00000004                  : wlan.obj (.const:_SlProfileDelCmdCtrl)
                  01013aea    00000004                  : wlan.obj (.const:_SlProfileGetCmdCtrl)
                  01013aee    00000004                  : wlan.obj (.const:_SlProvisioningCmdCtrl)
                  01013af2    00000004                  : sl_socket.obj (.const:_SlRecvCmdCtrl)
                  01013af6    00000004                  : sl_socket.obj (.const:_SlRecvfomCmdCtrl)
                  01013afa    00000004                  : netapp.obj (.const:_SlRegisterServiceCtrl)
                  01013afe    00000004                  : sl_socket.obj (.const:_SlSelectCmdCtrl)
                  01013b02    00000004                  : sl_socket.obj (.const:_SlSendCmdCtrl)
                  01013b06    00000004                  : sl_socket.obj (.const:_SlSetSockOptCmdCtrl)
                  01013b0a    00000004                  : sl_socket.obj (.const:_SlSockCloseCmdCtrl)
                  01013b0e    00000004                  : sl_socket.obj (.const:_SlSockSocketCmdCtrl)
                  01013b12    00000004                  : device.obj (.const:_SlStopCmdCtrl)
                  01013b16    00000004                  : wlan.obj (.const:_SlWlanCfgGetCmdCtrl)
                  01013b1a    00000004                  : wlan.obj (.const:_SlWlanCfgSetCmdCtrl)
                  01013b1e    00000004                  : wlan.obj (.const:_SlWlanGetNetworkListCtrl)
                  01013b22    00000004                  : wlan.obj (.const:_SlWlanRxFilterAddtCmdCtrl)
                  01013b26    00000004                  : wlan.obj (.const:_SlWlanSetModeCmdCtrl)
                  01013b2a    00000002     release_pem4.oem4 (.const:ti_sysbios_knl_Task_Module__id__C)
                  01013b2c    00000004     release_pem4.oem4 (.const:ti_sysbios_family_arm_m3_Hwi_E_alreadyDefined__C)
                  01013b30    00000004     release_pem4.oem4 (.const:ti_sysbios_family_arm_m3_Hwi_NUM_INTERRUPTS__C)
                  01013b34    00000004     release_pem4.oem4 (.const:ti_sysbios_family_arm_m3_Hwi_Object__count__C)
                  01013b38    00000004     release_pem4.oem4 (.const:ti_sysbios_family_arm_m3_Hwi_ccr__C)
                  01013b3c    00000004     release_pem4.oem4 (.const:ti_sysbios_family_arm_m3_Hwi_excHandlerFunc__C)
                  01013b40    00000004     release_pem4.oem4 (.const:ti_sysbios_family_arm_m3_Hwi_nullIsrFunc__C)
                  01013b44    00000004     release_pem4.oem4 (.const:ti_sysbios_family_arm_m3_Hwi_priGroup__C)
                  01013b48    00000004     release_pem4.oem4 (.const:ti_sysbios_family_arm_m3_Hwi_swiDisable__C)
                  01013b4c    00000004     release_pem4.oem4 (.const:ti_sysbios_family_arm_m3_Hwi_swiRestoreHwi__C)
                  01013b50    00000004     release_pem4.oem4 (.const:ti_sysbios_family_arm_m3_TaskSupport_stackAlignment__C)
                  01013b54    00000004     release_pem4.oem4 (.const:ti_sysbios_family_arm_m3_Timer_E_cannotSupport__C)
                  01013b58    00000004     release_pem4.oem4 (.const:ti_sysbios_family_arm_m3_Timer_startupNeeded__C)
                  01013b5c    00000004     release_pem4.oem4 (.const:ti_sysbios_gates_GateMutex_Instance_State_sem__O)
                  01013b60    00000004     release_pem4.oem4 (.const:ti_sysbios_heaps_HeapMem_E_memory__C)
                  01013b64    00000004     release_pem4.oem4 (.const:ti_sysbios_heaps_HeapMem_Module__gateObj__C)
                  01013b68    00000004     release_pem4.oem4 (.const:ti_sysbios_heaps_HeapMem_Object__count__C)
                  01013b6c    00000004     release_pem4.oem4 (.const:ti_sysbios_heaps_HeapMem_primaryHeapBaseAddr__C)
                  01013b70    00000004     release_pem4.oem4 (.const:ti_sysbios_heaps_HeapMem_primaryHeapEndAddr__C)
                  01013b74    00000004     release_pem4.oem4 (.const:ti_sysbios_heaps_HeapMem_reqAlign__C)
                  01013b78    00000004     release_pem4.oem4 (.const:ti_sysbios_knl_Clock_Module_State_clockQ__O)
                  01013b7c    00000004     release_pem4.oem4 (.const:ti_sysbios_knl_Clock_tickPeriod__C)
                  01013b80    00000004     release_pem4.oem4 (.const:ti_sysbios_knl_Mailbox_Instance_State_freeQue__O)
                  01013b84    00000004     release_pem4.oem4 (.const:ti_sysbios_knl_Mailbox_Object__count__C)
                  01013b88    00000004     release_pem4.oem4 (.const:ti_sysbios_knl_Mailbox_maxTypeAlign__C)
                  01013b8c    00000004     release_pem4.oem4 (.const:ti_sysbios_knl_Semaphore_Instance_State_pendQ__O)
                  01013b90    00000004     release_pem4.oem4 (.const:ti_sysbios_knl_Swi_Object__count__C)
                  01013b94    00000004     release_pem4.oem4 (.const:ti_sysbios_knl_Task_E_deleteNotAllowed__C)
                  01013b98    00000004     release_pem4.oem4 (.const:ti_sysbios_knl_Task_Module_State_inactiveQ__O)
                  01013b9c    00000004     release_pem4.oem4 (.const:ti_sysbios_knl_Task_Module_State_terminatedQ__O)
                  01013ba0    00000004     release_pem4.oem4 (.const:ti_sysbios_knl_Task_Object__count__C)
                  01013ba4    00000004     release_pem4.oem4 (.const:ti_sysbios_knl_Task_Object__heap__C)
                  01013ba8    00000004     release_pem4.oem4 (.const:ti_sysbios_knl_Task_allBlockedFunc__C)
                  01013bac    00000004     release_pem4.oem4 (.const:ti_sysbios_knl_Task_defaultStackHeap__C)
                  01013bb0    00000004     release_pem4.oem4 (.const:ti_sysbios_knl_Task_defaultStackSize__C)
                  01013bb4    00000004     release_pem4.oem4 (.const:ti_sysbios_knl_Task_numConstructedTasks__C)
                  01013bb8    00000004     release_pem4.oem4 (.const:xdc_runtime_Error_E_memory__C)
                  01013bbc    00000004     release_pem4.oem4 (.const:xdc_runtime_Error_policyFxn__C)
                  01013bc0    00000004     release_pem4.oem4 (.const:xdc_runtime_IGateProvider_Interface__BASE__C)
                  01013bc4    00000004     release_pem4.oem4 (.const:xdc_runtime_IHeap_Interface__BASE__C)
                  01013bc8    00000004     release_pem4.oem4 (.const:xdc_runtime_IModule_Interface__BASE__C)
                  01013bcc    00000004     release_pem4.oem4 (.const:xdc_runtime_Memory_defaultHeapInstance__C)
                  01013bd0    00000004     release_pem4.oem4 (.const:xdc_runtime_Startup_execImpl__C)
                  01013bd4    00000004     release_pem4.oem4 (.const:xdc_runtime_Startup_maxPasses__C)
                  01013bd8    00000004     release_pem4.oem4 (.const:xdc_runtime_Startup_sfxnRts__C)
                  01013bdc    00000004     release_pem4.oem4 (.const:xdc_runtime_Startup_sfxnTab__C)
                  01013be0    00000004     release_pem4.oem4 (.const:xdc_runtime_SysCallback_abortFxn__C)
                  01013be4    00000004     release_pem4.oem4 (.const:xdc_runtime_SysCallback_exitFxn__C)
                  01013be8    00000004     release_pem4.oem4 (.const:xdc_runtime_System_Module__gateObj__C)
                  01013bec    00000004     release_pem4.oem4 (.const:xdc_runtime_System_abortFxn__C)
                  01013bf0    00000004     release_pem4.oem4 (.const:xdc_runtime_System_exitFxn__C)
                  01013bf4    00000004     release_pem4.oem4 (.const:xdc_runtime_System_maxAtexitHandlers__C)
                  01013bf8    00000004     release_pem4.oem4 (.const:xdc_runtime_Text_charTab__C)
                  01013bfc    00000004     release_pem4.oem4 (.const:xdc_runtime_Text_nameEmpty__C)
                  01013c00    00000004     release_pem4.oem4 (.const:xdc_runtime_Text_nameStatic__C)
                  01013c04    00000004     release_pem4.oem4 (.const:xdc_runtime_Text_nameUnknown__C)
                  01013c08    00000002     release_pem4.oem4 (.const:xdc_runtime_Memory_Module__id__C)
                  01013c0a    00000002     release_pem4.oem4 (.const:xdc_runtime_Text_charCnt__C)
                  01013c0c    00000002     release_pem4.oem4 (.const:xdc_runtime_Text_isLoaded__C)

.cinit     0    01013c10    00000278     
                  01013c10    00000251     (.cinit..data.load) [load image, compression = lzss]
                  01013e61    00000003     --HOLE-- [fill = 0]
                  01013e64    0000000c     (__TI_handler_table)
                  01013e70    00000008     (.cinit..bss.load) [load image, compression = zero_init]
                  01013e78    00000010     (__TI_cinit_table)

.init_array 
*          0    01000800    00000000     UNINITIALIZED

.vecs      0    20000000    0000030c     NOLOAD SECTION
                  20000000    0000030c     release_pem4.oem4 (.vecs)

.priheap   0    20000310    00008000     UNINITIALIZED
                  20000310    00008000     --HOLE--

.bss       0    20008400    00001db5     UNINITIALIZED
                  20008400    0000089c     simplelink.a : driver.obj (.bss:g_StatMem)
                  20008c9c    000005b4     (.common:acRecvbuff)
                  20009250    0000012c     (.common:PowerCC32XX_contextSave)
                  2000937c    00000080     (.common:spiCC3220SDMAObjects)
                  200093fc    00000004     drivers_cc32xx.aem4 : GPIOCC32XX.oem4 (.bss)
                  20009400    00000400     CC3220SF_LAUNCHXL.obj (.bss:dmaControlTable)
                  20009800    0000030c     (.common:ti_sysbios_family_arm_m3_Hwi_dispatchTable)
                  20009b0c    00000004     uart_term.obj (.bss)
                  20009b10    00000200     release_pem4.oem4 (.bss:taskStackSection)
                  20009d10    00000200     (.common:acSendBuff)
                  20009f10    00000118     (.common:uartCC3220SObjects)
                  2000a028    00000094     (.common:g_SlInternalSpawnCB)
                  2000a0bc    00000040     (.common:uartCC3220SRingBuffer)
                  2000a0fc    00000024     (.common:g_ucConnectionSSID)
                  2000a120    00000020     drivers_cc32xx.aem4 : GPIOCC32XX.oem4 (.bss:gpioCallbackInfo)
                  2000a140    00000014                         : UDMACC32XX.oem4 (.bss:postNotifyObj)
                  2000a154    00000014                         : GPIOCC32XX.oem4 (.bss:powerNotifyObj)
                  2000a168    0000000c     dpl_cc32xx.aem4 : PowerCC32XX_tirtos.oem4 (.bss)
                  2000a174    0000000c     (.common:DeviceCB)
                  2000a180    0000000c     (.common:Msg)
                  2000a18c    00000008     (.common:g_ucConnectionBSSID)
                  2000a194    00000008     (.common:udmaCC3220SObject)
                  2000a19c    00000004     (.common:ClockP_tickPeriod)
                  2000a1a0    00000008     (.common:spiCC3220SDMAscratchBuf)
                  2000a1a8    00000004     (.common:GlobalLockObj)
                  2000a1ac    00000004     (.common:g_timer)
                  2000a1b0    00000002     (.common:g_usConnectIndex)
                  2000a1b2    00000002     (.common:g_usTimerInts)
                  2000a1b4    00000001     (.common:RxIrqCnt)

.data      0    2000a1b8    00000782     UNINITIALIZED
                  2000a1b8    0000016c     drivers_cc32xx.aem4 : PowerCC32XX.oem4 (.data:PowerCC32XX_module)
                  2000a324    000000f8     CC3220SF_LAUNCHXL.obj (.data:parkInfo)
                  2000a41c    00000080     release_pem4.oem4 (.data:ti_sysbios_knl_Swi_Module_State_0_readyQ__A)
                  2000a49c    00000080     release_pem4.oem4 (.data:ti_sysbios_knl_Task_Module_State_0_readyQ__A)
                  2000a51c    00000050     sysbios.aem4 : BIOS.obj (.data:$O1$$)
                  2000a56c    0000004c     release_pem4.oem4 (.data:ti_sysbios_knl_Task_Object__table__V)
                  2000a5b8    00000048     http_client.a : httpcli.obj (.data:tlsParams)
                  2000a600    00000044     release_pem4.oem4 (.data:ti_sysbios_knl_Task_Module__state__V)
                  2000a644    00000038     release_pem4.oem4 (.data:ti_sysbios_gates_GateMutex_Object__table__V)
                  2000a67c    00000034     release_pem4.oem4 (.data:ti_sysbios_family_arm_m3_Hwi_Module__state__V)
                  2000a6b0    00000030     release_pem4.oem4 (.data:ti_sysbios_family_arm_m3_Timer_Object__table__V)
                  2000a6e0    00000030     release_pem4.oem4 (.data:ti_sysbios_knl_Swi_Object__table__V)
                  2000a710    0000002c     release_pem4.oem4 (.data:ti_sysbios_knl_Clock_Module__state__V)
                  2000a73c    00000024     simplelink.a : eventreg.obj (.data:g_LibsEvents)
                  2000a760    00000024                  : eventreg.obj (.data:g_UserEvents)
                  2000a784    00000024     release_pem4.oem4 (.data:ti_sysbios_BIOS_Module__state__V)
                  2000a7a8    00000020     release_pem4.oem4 (.data:xdc_runtime_Error_IgnoreBlock)
[...]
01012e79  copysign                                                        
01012e79  copysignl                                                       
01012e81  ti_sysbios_family_arm_m3_Hwi_doSwiRestore__I                    
01012e89  ti_sysbios_family_arm_m3_Hwi_startup__E                         
01012e89  ti_sysbios_hal_Hwi_HwiProxy_startup__E                          
01012ea1  MutexP_Params_init                                              
01012ea7  SPICC32XXDMA_control                                            
01012ead  UtilsDelay                                                      
01012eb9  ti_sysbios_family_arm_m3_Hwi_doTaskRestore__I                   
01012ec1  HwiP_restore                                                    
01012ec1  ti_sysbios_family_arm_m3_Hwi_restoreFxn__E                      
01012ec1  ti_sysbios_hal_Hwi_HwiProxy_restore__E                          
01012ec9  ti_sysbios_gates_GateHwi_leave__E                               
01012ed1  ti_sysbios_heaps_HeapMem_isBlocking__E                          
01012ed9  ti_sysbios_knl_Clock_stop__E                                    
01012ee1  ti_sysbios_knl_Queue_Instance_init__E                           
01012ee9  ti_sysbios_knl_Swi_startup__E                                   
01012ef1  xdc_runtime_System_Module_startup__E                            
01012ef9  ti_sysbios_family_arm_m3_Timer_getMaxTicks__E                   
01012f01  ti_sysbios_gates_GateHwi_query__E                               
01012f01  xdc_runtime_Main_Module_GateProxy_query__E                      
01012f01  xdc_runtime_System_Module_GateProxy_query__E                    
01012f09  ti_sysbios_BIOS_RtsGateProxy_query__E                           
01012f09  ti_sysbios_gates_GateMutex_query__E                             
01012f09  ti_sysbios_heaps_HeapMem_Module_GateProxy_query__E              
01012f11  ti_sysbios_knl_Clock_setTimeout__E                              
01012f19  ti_sysbios_knl_Task_startup__E                                  
01012f21  ti_sysbios_BIOS_linkedWithIncorrectBootLibrary__E               
01012f29  ti_sysbios_gates_GateHwi_Instance_init__E                       
01012f31  ti_sysbios_knl_Clock_logTick__E                                 
01012f39  xdc_runtime_SysCallback_defaultAbort                            
01012f41  xdc_runtime_SysCallback_defaultExit                             
01012f49  xdc_runtime_System_abortSpin__E                                 
01012f51  xdc_runtime_System_exitSpin__E                                  
01012f54  _ctypes_                                                        
01013055  ti_sysbios_knl_Clock_tickMode__C                                
01013056  ti_sysbios_family_arm_m3_Hwi_Module__id__C                      
01013200  spiCC3220SDMAHWAttrs                                            
01013278  OpcodeTranslateTable                                            
010132d8  _SlActionLookupTable                                            
01013370  PowerCC32XX_config                                              
010133b0  uartCC3220SHWAttrs                                              
010133f0  ti_sysbios_knl_Task_Object__PARAMS__C                           
0101342c  ti_sysbios_family_arm_m3_Hwi_Object__PARAMS__C                  
0101345c  UARTCC32XX_fxnTable                                             
01013484  ti_sysbios_heaps_HeapMem_Module__FXNS__C                        
010134ac  UART_defaultParams                                              
010134d0  ti_sysbios_gates_GateHwi_Module__FXNS__C                        
010134f4  ti_sysbios_gates_GateMutex_Module__FXNS__C                      
01013518  ti_sysbios_heaps_HeapMem_Object__PARAMS__C                      
0101353c  ti_sysbios_knl_Clock_Object__PARAMS__C                          
01013560  ti_sysbios_knl_Semaphore_Object__PARAMS__C                      
010135a5  ti_sysbios_knl_Clock_tickSource__C                              
010135a6  ti_sysbios_family_arm_m3_Timer_Module__id__C                    
010135c8  SPI_defaultParams                                               
01013628  ti_sysbios_family_arm_m3_Hwi_Object__DESC__C                    
01013648  ti_sysbios_gates_GateHwi_Object__DESC__C                        
01013668  ti_sysbios_gates_GateMutex_Object__DESC__C                      
01013688  ti_sysbios_heaps_HeapMem_Object__DESC__C                        
010136a8  ti_sysbios_knl_Clock_Object__DESC__C                            
010136c8  ti_sysbios_knl_Queue_Object__DESC__C                            
010136e8  ti_sysbios_knl_Semaphore_Object__DESC__C                        
01013708  ti_sysbios_knl_Task_Object__DESC__C                             
01013728  xdc_runtime_Startup_sfxnTab__A                                  
01013748  SPICC32XXDMA_fxnTable                                           
01013760  SPI_config                                                      
01013778  UART_config                                                     
010137a8  ti_sysbios_gates_GateHwi_Object__PARAMS__C                      
010137c0  ti_sysbios_gates_GateMutex_Object__PARAMS__C                    
010137d8  ti_sysbios_knl_Queue_Object__PARAMS__C                          
01013847  xdc_runtime_Error_policy__C                                     
010138c0  GPIOCC32XX_config                                               
01013922  ti_sysbios_heaps_HeapMem_Module__id__C                          
01013984  xdc_runtime_Startup_sfxnRts__A                                  
010139a2  ADC_count                                                       
010139a3  CryptoCC32XX_count                                              
010139a4  Display_count                                                   
010139a5  I2C_count                                                       
010139a6  I2S_count                                                       
010139a7  PWM_count                                                       
010139a8  SDFatFS_count                                                   
010139a9  SD_count                                                        
010139aa  SDSPI_count                                                     
010139ab  SPI_count                                                       
010139ac  Timer_count                                                     
010139ad  UART_count                                                      
010139ae  Watchdog_count                                                  
010139af  xdc_runtime_Text_charTab__A                                     
010139d4  udmaCC3220SHWAttrs                                              
010139e0  xdc_runtime_Startup_firstFxns__A                                
01013a00  UDMACC32XX_config                                               
01013a20  outPinTypes                                                     
01013a30  ti_sysbios_knl_Idle_funcList__A                                 
01013a38  ti_sysbios_knl_Idle_funcList__C                                 
01013a40  xdc_runtime_Startup_firstFxns__C                                
01013a48  xdc_runtime_Startup_lastFxns__C                                 
01013a56  inPinTypes                                                      
01013a5c  outPinStrengths                                                 
01013ab2  _SlNetAppReceiveCmdCtrl                                         
01013ab6  _SlNetAppSendCmdCtrl                                            
01013aba  _SlNetAppSendResponseCmdCtrl                                    
01013abe  _SlNetAppSendTokenValueCmdCtrl                                  
01013ad6  _SlNetUtilCmdCtrl                                               
01013ada  _SlNetUtilGetCmdCtrl                                            
01013aee  _SlProvisioningCmdCtrl                                          
01013b2a  ti_sysbios_knl_Task_Module__id__C                               
01013b2c  ti_sysbios_family_arm_m3_Hwi_E_alreadyDefined__C                
01013b30  ti_sysbios_family_arm_m3_Hwi_NUM_INTERRUPTS__C                  
01013b34  ti_sysbios_family_arm_m3_Hwi_Object__count__C                   
01013b38  ti_sysbios_family_arm_m3_Hwi_ccr__C                             
01013b3c  ti_sysbios_family_arm_m3_Hwi_excHandlerFunc__C                  
01013b40  ti_sysbios_family_arm_m3_Hwi_nullIsrFunc__C                     
01013b44  ti_sysbios_family_arm_m3_Hwi_priGroup__C                        
01013b48  ti_sysbios_family_arm_m3_Hwi_swiDisable__C                      
01013b4c  ti_sysbios_family_arm_m3_Hwi_swiRestoreHwi__C                   
01013b50  ti_sysbios_family_arm_m3_TaskSupport_stackAlignment__C          
01013b54  ti_sysbios_family_arm_m3_Timer_E_cannotSupport__C               
01013b58  ti_sysbios_family_arm_m3_Timer_startupNeeded__C                 
01013b5c  ti_sysbios_gates_GateMutex_Instance_State_sem__O                
01013b60  ti_sysbios_heaps_HeapMem_E_memory__C                            
01013b64  ti_sysbios_heaps_HeapMem_Module__gateObj__C                     
01013b68  ti_sysbios_heaps_HeapMem_Object__count__C                       
01013b6c  ti_sysbios_heaps_HeapMem_primaryHeapBaseAddr__C                 
01013b70  ti_sysbios_heaps_HeapMem_primaryHeapEndAddr__C                  
01013b74  ti_sysbios_heaps_HeapMem_reqAlign__C                            
01013b78  ti_sysbios_knl_Clock_Module_State_clockQ__O                     
01013b7c  ti_sysbios_knl_Clock_tickPeriod__C                              
01013b80  ti_sysbios_knl_Mailbox_Instance_State_freeQue__O                
01013b84  ti_sysbios_knl_Mailbox_Object__count__C                         
01013b88  ti_sysbios_knl_Mailbox_maxTypeAlign__C                          
01013b8c  ti_sysbios_knl_Semaphore_Instance_State_pendQ__O                
01013b90  ti_sysbios_knl_Swi_Object__count__C                             
01013b94  ti_sysbios_knl_Task_E_deleteNotAllowed__C                       
01013b98  ti_sysbios_knl_Task_Module_State_inactiveQ__O                   
01013b9c  ti_sysbios_knl_Task_Module_State_terminatedQ__O                 
01013ba0  ti_sysbios_knl_Task_Object__count__C                            
01013ba4  ti_sysbios_knl_Task_Object__heap__C                             
01013ba8  ti_sysbios_knl_Task_allBlockedFunc__C                           
01013bac  ti_sysbios_knl_Task_defaultStackHeap__C                         
01013bb0  ti_sysbios_knl_Task_defaultStackSize__C                         
01013bb4  ti_sysbios_knl_Task_numConstructedTasks__C                      
01013bb8  xdc_runtime_Error_E_memory__C                                   
01013bbc  xdc_runtime_Error_policyFxn__C                                  
01013bc0  xdc_runtime_IGateProvider_Interface__BASE__C                    
01013bc4  xdc_runtime_IHeap_Interface__BASE__C                            
01013bc8  xdc_runtime_IModule_Interface__BASE__C                          
01013bcc  xdc_runtime_Memory_defaultHeapInstance__C                       
01013bd0  xdc_runtime_Startup_execImpl__C                                 
01013bd4  xdc_runtime_Startup_maxPasses__C                                
01013bd8  xdc_runtime_Startup_sfxnRts__C                                  
01013bdc  xdc_runtime_Startup_sfxnTab__C                                  
01013be0  xdc_runtime_SysCallback_abortFxn__C                             
01013be4  xdc_runtime_SysCallback_exitFxn__C                              
01013be8  xdc_runtime_System_Module__gateObj__C                           
01013bec  xdc_runtime_System_abortFxn__C                                  
01013bf0  xdc_runtime_System_exitFxn__C                                   
01013bf4  xdc_runtime_System_maxAtexitHandlers__C                         
01013bf8  xdc_runtime_Text_charTab__C                                     
01013bfc  xdc_runtime_Text_nameEmpty__C                                   
01013c00  xdc_runtime_Text_nameStatic__C                                  
01013c04  xdc_runtime_Text_nameUnknown__C                                 
01013c08  xdc_runtime_Memory_Module__id__C                                
01013c0a  xdc_runtime_Text_charCnt__C                                     
01013c0c  xdc_runtime_Text_isLoaded__C                                    
01013c10  __TI_static_base__                                              
01013e64  __TI_Handler_Table_Base                                         
01013e70  __TI_Handler_Table_Limit                                        
01013e78  __TI_CINIT_Base                                                 
01013e88  __TI_CINIT_Limit                                                
20000000  ti_sysbios_family_arm_m3_Hwi_ramVectors                         
20000310  __primary_heap_start__                                          
20008310  __primary_heap_end__                                            
20008c9c  acRecvbuff                                                      
20009250  PowerCC32XX_contextSave                                         
2000937c  spiCC3220SDMAObjects                                            
20009800  ti_sysbios_family_arm_m3_Hwi_dispatchTable                      
20009b10  ti_sysbios_knl_Task_Instance_State_0_stack__A                   
20009d10  acSendBuff                                                      
20009f10  uartCC3220SObjects                                              
2000a028  g_SlInternalSpawnCB                                             
2000a0bc  uartCC3220SRingBuffer                                           
2000a0fc  g_ucConnectionSSID                                              
2000a174  DeviceCB                                                        
2000a180  Msg                                                             
2000a18c  g_ucConnectionBSSID                                             
2000a194  udmaCC3220SObject                                               
2000a19c  ClockP_tickPeriod                                               
2000a1a0  spiCC3220SDMAscratchBuf                                         
2000a1a8  GlobalLockObj                                                   
2000a1ac  g_timer                                                         
2000a1b0  g_usConnectIndex                                                
2000a1b2  g_usTimerInts                                                   
2000a1b4  RxIrqCnt                                                        
2000a1b8  PowerCC32XX_module                                              
2000a324  parkInfo                                                        
2000a41c  ti_sysbios_knl_Swi_Module_State_0_readyQ__A                     
2000a49c  ti_sysbios_knl_Task_Module_State_0_readyQ__A                    
2000a56c  ti_sysbios_knl_Task_Object__table__V                            
2000a600  ti_sysbios_knl_Task_Module__state__V                            
2000a644  ti_sysbios_gates_GateMutex_Object__table__V                     
2000a67c  ti_sysbios_family_arm_m3_Hwi_Module__state__V                   
2000a6b0  ti_sysbios_family_arm_m3_Timer_Object__table__V                 
2000a6e0  ti_sysbios_knl_Swi_Object__table__V                             
2000a710  ti_sysbios_knl_Clock_Module__state__V                           
2000a73c  g_LibsEvents                                                    
2000a760  g_UserEvents                                                    
2000a784  ti_sysbios_BIOS_Module__state__V                                
2000a7a8  xdc_runtime_Error_IgnoreBlock                                   
2000a7c8  ti_sysbios_knl_Swi_Module__state__V                             
2000a7e4  ti_sysbios_family_arm_m3_Hwi_Object__table__V                   
2000a7fc  ti_sysbios_heaps_HeapMem_Object__table__V                       
2000a814  gpioPinConfigs                                                  
2000a848  ClientId                                                        
2000a855  lineBreak                                                       
2000a858  SecurityParams                                                  
2000a864  gInitState                                                      
2000a868  gResetApplication                                               
2000a86c  gApConnectionState                                              
2000a870  g_ulStaIp                                                       
2000a874  g_ulGatewayIP                                                   
2000a878  g_ulStatus                                                      
2000a87c  gGlobalLockCntRequested                                         
2000a87d  gGlobalLockCntReleased                                          
2000a87e  g_SlDeviceStatus                                                
2000a880  g_pCB                                                           
2000a884  pPingCallBackFunc                                               
2000a888  ti_sysbios_family_arm_m3_Timer_Module__state__V                 
2000a89e  ti_sysbios_family_arm_m3_Hwi_Module_State_0_excActive__A        
2000a8a0  _lock                                                           
2000a8a4  _unlock                                                         
2000a8b0  gpioCallbackFunctions                                           
2000a8b8  ti_sysbios_family_arm_cc32xx_Seconds_Module__state__V           
2000a8c0  ti_sysbios_family_arm_m3_Hwi_Module__root__V                    
2000a8c8  ti_sysbios_gates_GateHwi_Module__root__V                        
2000a8d0  ti_sysbios_gates_GateMutex_Module__root__V                      
2000a8d8  ti_sysbios_heaps_HeapMem_Module__root__V                        
2000a8e0  ti_sysbios_knl_Clock_Module__root__V                            
2000a8e8  ti_sysbios_knl_Queue_Module__root__V                            
2000a8f0  ti_sysbios_knl_Semaphore_Module__root__V                        
2000a8f8  ti_sysbios_knl_Task_Module__root__V                             
2000a900  xdc_runtime_Startup_Module__state__V                            
2000a908  xdc_runtime_System_Module_State_0_atexitHandlers__A             
2000a910  xdc_runtime_System_Module__state__V                             
2000a918  errno                                                           
2000a91c  main_func_sp                                                    
2000a920  g_intHandle                                                     
2000a924  ti_sysbios_family_arm_m3_Hwi_Module_State_0_excContext__A       
2000a928  ti_sysbios_family_arm_m3_Hwi_Module_State_0_excStack__A         
2000a92c  ti_sysbios_gates_GateHwi_Object__table__V                       
2000a930  ti_sysbios_knl_Task_Module_State_0_idleTask__A                  
2000a934  xdc_runtime_Memory_Module__state__V                             
2003fc00  __stack                                                         
20040000  __STACK_END                                                     
e000e000  ti_sysbios_family_arm_m3_Hwi_nvic                               
ffffffff  __TI_pprof_out_hndl                                             
ffffffff  __TI_prof_data_size                                             
ffffffff  __TI_prof_data_start                                            
ffffffff  __binit__                                                       
ffffffff  __c_args__                                                      
ffffffff  binit                                                           
UNDEFED   SHT$$INIT_ARRAY$$Base                                           
UNDEFED   SHT$$INIT_ARRAY$$Limit                                          

[890 symbols]
